Option Map File Used: '/opt/amd/2025.1/Vitis/data/vitis/vpp/optMap.xml'

****** v++ v2025.1 (64-bit)
  **** SW Build 6137779 on 2025-05-21-18:10:03
  **** Start of session at: Mon Aug  3 09:08:06 2026
    ** Copyright 1986-2022 Xilinx, Inc. All Rights Reserved.
    ** Copyright 2022-2025 Advanced Micro Devices, Inc. All Rights Reserved.

INFO: [v++ 60-1306] Additional information associated with this v++ compile can be found at:
	Reports: /home/devsounio/u250-runs/null-draws-8a090b8-20260803T090705Z/build/_x/reports/null_draws
	Log files: /home/devsounio/u250-runs/null-draws-8a090b8-20260803T090705Z/build/_x/logs/null_draws
INFO: [v++ 60-1548] Creating build summary session with primary output /home/devsounio/u250-runs/null-draws-8a090b8-20260803T090705Z/build/null_draws.xo.compile_summary, at Mon Aug  3 09:08:09 2026
INFO: [v++ 60-1315] Creating rulecheck session with output '/home/devsounio/u250-runs/null-draws-8a090b8-20260803T090705Z/build/_x/reports/null_draws/v++_compile_null_draws_guidance.html', at Mon Aug  3 09:08:09 2026
INFO: [v++ 60-895]   Target platform: /opt/xilinx/platforms/xilinx_u250_gen3x16_xdma_4_1_202210_1/xilinx_u250_gen3x16_xdma_4_1_202210_1.xpfm
INFO: [v++ 60-1578]   This platform contains Xilinx Shell Archive '/opt/xilinx/platforms/xilinx_u250_gen3x16_xdma_4_1_202210_1/hw/hw.xsa'
INFO: [v++ 74-78] Compiler Version string: 2025.1
INFO: [v++ 60-1302] Platform 'xilinx_u250_gen3x16_xdma_4_1_202210_1.xpfm' has been explicitly enabled for this release.
INFO: [v++ 60-585] Compiling for hardware target
INFO: [v++ 60-423]   Target device: xilinx_u250_gen3x16_xdma_4_1_202210_1
INFO: [v++ 60-242] Creating kernel: 'null_draws'

===>The following messages were generated while  performing high-level synthesis for kernel: null_draws Log file: /home/devsounio/u250-runs/null-draws-8a090b8-20260803T090705Z/build/_x/null_draws/null_draws/vitis_hls.log :
INFO: [v++ 204-61] Pipelining loop 'VITIS_LOOP_51_1'.
INFO: [v++ 200-1470] Pipelining result : Target II = NA, Final II = 1, Depth = 2, loop 'VITIS_LOOP_51_1'
INFO: [v++ 204-61] Pipelining loop 'VITIS_LOOP_14_1'.
INFO: [v++ 200-1470] Pipelining result : Target II = NA, Final II = 1, Depth = 2, loop 'VITIS_LOOP_14_1'
INFO: [v++ 204-61] Pipelining loop 'VITIS_LOOP_14_1'.
INFO: [v++ 200-1470] Pipelining result : Target II = NA, Final II = 1, Depth = 2, loop 'VITIS_LOOP_14_1'
INFO: [v++ 204-61] Pipelining loop 'VITIS_LOOP_102_5'.
INFO: [v++ 200-1470] Pipelining result : Target II = NA, Final II = 1, Depth = 3, loop 'VITIS_LOOP_102_5'
INFO: [v++ 204-61] Pipelining loop 'VITIS_LOOP_131_1'.
INFO: [v++ 200-1470] Pipelining result : Target II = NA, Final II = 1, Depth = 1, loop 'VITIS_LOOP_131_1'
INFO: [v++ 204-61] Pipelining loop 'VITIS_LOOP_189_6'.
INFO: [v++ 200-1470] Pipelining result : Target II = NA, Final II = 37, Depth = 38, loop 'VITIS_LOOP_189_6'
INFO: [v++ 200-790] **** Loop Constraint Status: All loop constraints were NOT satisfied.
INFO: [v++ 200-789] **** Estimated Fmax: 411.00 MHz
INFO: [v++ 60-594] Finished kernel compilation
INFO: [v++ 60-244] Generating system estimate report...
INFO: [v++ 60-1092] Generated system estimate report: /home/devsounio/u250-runs/null-draws-8a090b8-20260803T090705Z/build/_x/reports/null_draws/system_estimate_null_draws.xtxt
INFO: [v++ 60-586] Created null_draws.xo
INFO: [v++ 60-2343] Use the Vitis Unified IDE to visualize and navigate the reports. Run the following command. 
    vitis --analyze /home/devsounio/u250-runs/null-draws-8a090b8-20260803T090705Z/build/null_draws.xo.compile_summary 
INFO: [v++ 60-791] Total elapsed time: 0h 1m 1s
INFO: [v++ 60-1653] Closing dispatch client.
Option Map File Used: '/opt/amd/2025.1/Vitis/data/vitis/vpp/optMap.xml'

****** v++ v2025.1 (64-bit)
  **** SW Build 6137779 on 2025-05-21-18:10:03
  **** Start of session at: Mon Aug  3 09:09:09 2026
    ** Copyright 1986-2022 Xilinx, Inc. All Rights Reserved.
    ** Copyright 2022-2025 Advanced Micro Devices, Inc. All Rights Reserved.

INFO: [v++ 60-1306] Additional information associated with this v++ link can be found at:
	Reports: /home/devsounio/u250-runs/null-draws-8a090b8-20260803T090705Z/build/_x/reports/link
	Log files: /home/devsounio/u250-runs/null-draws-8a090b8-20260803T090705Z/build/_x/logs/link
INFO: [v++ 60-1548] Creating build summary session with primary output /home/devsounio/u250-runs/null-draws-8a090b8-20260803T090705Z/build/null_draws.xclbin.link_summary, at Mon Aug  3 09:09:12 2026
INFO: [v++ 60-1315] Creating rulecheck session with output '/home/devsounio/u250-runs/null-draws-8a090b8-20260803T090705Z/build/_x/reports/link/v++_link_null_draws_guidance.html', at Mon Aug  3 09:09:12 2026
INFO: [v++ 60-895]   Target platform: /opt/xilinx/platforms/xilinx_u250_gen3x16_xdma_4_1_202210_1/xilinx_u250_gen3x16_xdma_4_1_202210_1.xpfm
INFO: [v++ 60-1578]   This platform contains Xilinx Shell Archive '/opt/xilinx/platforms/xilinx_u250_gen3x16_xdma_4_1_202210_1/hw/hw.xsa'
INFO: [v++ 74-78] Compiler Version string: 2025.1
INFO: [v++ 60-1302] Platform 'xilinx_u250_gen3x16_xdma_4_1_202210_1.xpfm' has been explicitly enabled for this release.
INFO: [v++ 60-629] Linking for hardware target
INFO: [v++ 60-423]   Target device: xilinx_u250_gen3x16_xdma_4_1_202210_1
INFO: [v++ 60-1332] Run 'run_link' status: Not started
INFO: [v++ 60-1443] [09:09:14] Run run_link: Step system_link: Started
INFO: [v++ 60-1453] Command Line: system_link --xo /home/devsounio/u250-runs/null-draws-8a090b8-20260803T090705Z/build/null_draws.xo -keep --config /home/devsounio/u250-runs/null-draws-8a090b8-20260803T090705Z/build/_x/link/int/syslinkConfig.ini --xpfm /opt/xilinx/platforms/xilinx_u250_gen3x16_xdma_4_1_202210_1/xilinx_u250_gen3x16_xdma_4_1_202210_1.xpfm --target hw --output_dir /home/devsounio/u250-runs/null-draws-8a090b8-20260803T090705Z/build/_x/link/int --temp_dir /home/devsounio/u250-runs/null-draws-8a090b8-20260803T090705Z/build/_x/link/sys_link
INFO: [v++ 60-1454] Run Directory: /home/devsounio/u250-runs/null-draws-8a090b8-20260803T090705Z/build/_x/link/run_link
INFO: [SYSTEM_LINK 82-70] Extracting xo v3 file /home/devsounio/u250-runs/null-draws-8a090b8-20260803T090705Z/build/null_draws.xo
INFO: [SYSTEM_LINK 82-53] Creating IP database /home/devsounio/u250-runs/null-draws-8a090b8-20260803T090705Z/build/_x/link/sys_link/_sysl/.cdb/xd_ip_db.xml
INFO: [SYSTEM_LINK 82-38] [09:09:16] build_xd_ip_db started: /opt/amd/2025.1/Vitis/bin/build_xd_ip_db -ip_search 0  -sds-pf /home/devsounio/u250-runs/null-draws-8a090b8-20260803T090705Z/build/_x/link/sys_link/hw.hpfm -clkid 0 -ip /home/devsounio/u250-runs/null-draws-8a090b8-20260803T090705Z/build/_x/link/sys_link/iprepo/xilinx_com_hls_null_draws_1_0,null_draws -o /home/devsounio/u250-runs/null-draws-8a090b8-20260803T090705Z/build/_x/link/sys_link/_sysl/.cdb/xd_ip_db.xml
INFO: [SYSTEM_LINK 82-37] [09:09:16] build_xd_ip_db finished successfully
Time (s): cpu = 00:00:00.21 ; elapsed = 00:00:00.26 . Memory (MB): peak = 498.832 ; gain = 0.000 ; free physical = 31451 ; free virtual = 77347
INFO: [SYSTEM_LINK 82-51] Create system connectivity graph
INFO: [SYSTEM_LINK 82-102] Applying explicit connections to the system connectivity graph: /home/devsounio/u250-runs/null-draws-8a090b8-20260803T090705Z/build/_x/link/sys_link/cfgraph/cfgen_cfgraph.xml
INFO: [SYSTEM_LINK 82-38] [09:09:16] cfgen started: /opt/amd/2025.1/Vitis/bin/cfgen  -nk null_draws:1:null_draws_1 -sp null_draws_1.windows:DDR[0] -sp null_draws_1.metadata:DDR[1] -sp null_draws_1.outputs:DDR[2] -dpa_mem_offload false -dpa_aie_mem_offload false -dmclkid 0 -r /home/devsounio/u250-runs/null-draws-8a090b8-20260803T090705Z/build/_x/link/sys_link/_sysl/.cdb/xd_ip_db.xml -o /home/devsounio/u250-runs/null-draws-8a090b8-20260803T090705Z/build/_x/link/sys_link/cfgraph/cfgen_cfgraph.xml
INFO: [CFGEN 83-0] Kernel Specs: 
INFO: [CFGEN 83-0]   kernel: null_draws, num: 1  {null_draws_1}
INFO: [CFGEN 83-0] Port Specs: 
INFO: [CFGEN 83-0]   kernel: null_draws_1, k_port: windows, sptag: DDR[0]
INFO: [CFGEN 83-0]   kernel: null_draws_1, k_port: metadata, sptag: DDR[1]
INFO: [CFGEN 83-0]   kernel: null_draws_1, k_port: outputs, sptag: DDR[2]
INFO: [SYSTEM_LINK 82-37] [09:09:20] cfgen finished successfully
Time (s): cpu = 00:00:03 ; elapsed = 00:00:03 . Memory (MB): peak = 498.832 ; gain = 0.000 ; free physical = 31441 ; free virtual = 77336
INFO: [SYSTEM_LINK 82-52] Create top-level block diagram
INFO: [SYSTEM_LINK 82-38] [09:09:20] cf2bd started: /opt/amd/2025.1/Vitis/bin/cf2bd  --linux --trace_buffer 1024 --input_file /home/devsounio/u250-runs/null-draws-8a090b8-20260803T090705Z/build/_x/link/sys_link/cfgraph/cfgen_cfgraph.xml --ip_db /home/devsounio/u250-runs/null-draws-8a090b8-20260803T090705Z/build/_x/link/sys_link/_sysl/.cdb/xd_ip_db.xml --cf_name dr --working_dir /home/devsounio/u250-runs/null-draws-8a090b8-20260803T090705Z/build/_x/link/sys_link/_sysl/.xsd --temp_dir /home/devsounio/u250-runs/null-draws-8a090b8-20260803T090705Z/build/_x/link/sys_link --output_dir /home/devsounio/u250-runs/null-draws-8a090b8-20260803T090705Z/build/_x/link/int --target_bd ulp.bd
INFO: [CF2BD 82-31] Launching cf2xd: cf2xd -linux -trace-buffer 1024 -i /home/devsounio/u250-runs/null-draws-8a090b8-20260803T090705Z/build/_x/link/sys_link/cfgraph/cfgen_cfgraph.xml -r /home/devsounio/u250-runs/null-draws-8a090b8-20260803T090705Z/build/_x/link/sys_link/_sysl/.cdb/xd_ip_db.xml -o dr.xml
INFO: [CF2BD 82-28] cf2xd finished successfully
INFO: [CF2BD 82-31] Launching cf_xsd: cf_xsd -disable-address-gen -bd ulp.bd -dn dr -dp /home/devsounio/u250-runs/null-draws-8a090b8-20260803T090705Z/build/_x/link/sys_link/_sysl/.xsd
INFO: [CF2BD 82-28] cf_xsd finished successfully
INFO: [SYSTEM_LINK 82-37] [09:09:22] cf2bd finished successfully
Time (s): cpu = 00:00:02 ; elapsed = 00:00:02 . Memory (MB): peak = 498.832 ; gain = 0.000 ; free physical = 31419 ; free virtual = 77315
INFO: [v++ 60-1441] [09:09:22] Run run_link: Step system_link: Completed
Time (s): cpu = 00:00:07 ; elapsed = 00:00:08 . Memory (MB): peak = 515.836 ; gain = 0.000 ; free physical = 31529 ; free virtual = 77425
INFO: [v++ 60-1443] [09:09:22] Run run_link: Step cf2sw: Started
INFO: [v++ 60-1453] Command Line: cf2sw -sdsl /home/devsounio/u250-runs/null-draws-8a090b8-20260803T090705Z/build/_x/link/int/sdsl.dat -rtd /home/devsounio/u250-runs/null-draws-8a090b8-20260803T090705Z/build/_x/link/int/cf2sw.rtd -nofilter /home/devsounio/u250-runs/null-draws-8a090b8-20260803T090705Z/build/_x/link/int/cf2sw_full.rtd -xclbin /home/devsounio/u250-runs/null-draws-8a090b8-20260803T090705Z/build/_x/link/int/xclbin_orig.xml -o /home/devsounio/u250-runs/null-draws-8a090b8-20260803T090705Z/build/_x/link/int/xclbin_orig.1.xml
INFO: [v++ 60-1454] Run Directory: /home/devsounio/u250-runs/null-draws-8a090b8-20260803T090705Z/build/_x/link/run_link
INFO: [v++ 60-1441] [09:09:25] Run run_link: Step cf2sw: Completed
Time (s): cpu = 00:00:03 ; elapsed = 00:00:03 . Memory (MB): peak = 515.836 ; gain = 0.000 ; free physical = 31522 ; free virtual = 77419
INFO: [v++ 60-1443] [09:09:25] Run run_link: Step rtd2_system_diagram: Started
INFO: [v++ 60-1453] Command Line: rtd2SystemDiagram
INFO: [v++ 60-1454] Run Directory: /home/devsounio/u250-runs/null-draws-8a090b8-20260803T090705Z/build/_x/link/run_link
INFO: [v++ 60-1441] [09:09:25] Run run_link: Step rtd2_system_diagram: Completed
Time (s): cpu = 00:00:00 ; elapsed = 00:00:00.22 . Memory (MB): peak = 515.836 ; gain = 0.000 ; free physical = 31509 ; free virtual = 77406
INFO: [v++ 60-1443] [09:09:25] Run run_link: Step vpl: Started
INFO: [v++ 60-1453] Command Line: vpl -t hw -f /opt/xilinx/platforms/xilinx_u250_gen3x16_xdma_4_1_202210_1/xilinx_u250_gen3x16_xdma_4_1_202210_1.xpfm -s -g --remote_ip_cache /home/devsounio/u250-runs/null-draws-8a090b8-20260803T090705Z/build/.ipcache --output_dir /home/devsounio/u250-runs/null-draws-8a090b8-20260803T090705Z/build/_x/link/int --log_dir /home/devsounio/u250-runs/null-draws-8a090b8-20260803T090705Z/build/_x/logs/link --report_dir /home/devsounio/u250-runs/null-draws-8a090b8-20260803T090705Z/build/_x/reports/link --config /home/devsounio/u250-runs/null-draws-8a090b8-20260803T090705Z/build/_x/link/int/vplConfig.ini -k /home/devsounio/u250-runs/null-draws-8a090b8-20260803T090705Z/build/_x/link/int/kernel_info.dat --webtalk_flag Vitis --temp_dir /home/devsounio/u250-runs/null-draws-8a090b8-20260803T090705Z/build/_x/link --no-info --iprepo /home/devsounio/u250-runs/null-draws-8a090b8-20260803T090705Z/build/_x/link/int/xo/ip_repo/xilinx_com_hls_null_draws_1_0 --messageDb /home/devsounio/u250-runs/null-draws-8a090b8-20260803T090705Z/build/_x/link/run_link/vpl.pb /home/devsounio/u250-runs/null-draws-8a090b8-20260803T090705Z/build/_x/link/int/dr.bd.tcl
INFO: [v++ 60-1454] Run Directory: /home/devsounio/u250-runs/null-draws-8a090b8-20260803T090705Z/build/_x/link/run_link

****** vpl v2025.1 (64-bit)
  **** SW Build 6137779 on 2025-05-21-18:10:03
  **** Start of session at: Mon Aug  3 09:09:26 2026
    ** Copyright 1986-2022 Xilinx, Inc. All Rights Reserved.
    ** Copyright 2022-2025 Advanced Micro Devices, Inc. All Rights Reserved.

INFO: [VPL 60-839] Read in kernel information from file '/home/devsounio/u250-runs/null-draws-8a090b8-20260803T090705Z/build/_x/link/int/kernel_info.dat'.
INFO: [VPL 74-78] Compiler Version string: 2025.1
INFO: [VPL 60-423]   Target device: xilinx_u250_gen3x16_xdma_4_1_202210_1
INFO: [VPL 60-1032] Extracting hardware platform to /home/devsounio/u250-runs/null-draws-8a090b8-20260803T090705Z/build/_x/link/vivado/vpl/.local/hw_platform
[09:09:35] Run vpl: Step create_project: Started
Creating Vivado project.
[09:09:39] Run vpl: Step create_project: Completed
[09:09:39] Run vpl: Step create_bd: Started
[09:10:09] Run vpl: Step create_bd: Completed
[09:10:09] Run vpl: Step update_bd: Started
[09:10:10] Run vpl: Step update_bd: Completed
[09:10:10] Run vpl: Step generate_target: Started
[09:11:24] Run vpl: Step generate_target: Completed
[09:11:24] Run vpl: Step config_hw_runs: Started
[09:12:40] Run vpl: Step config_hw_runs: RUNNING...
[09:12:59] Run vpl: Step config_hw_runs: Completed
[09:12:59] Run vpl: Step synth: Started
[09:13:30] Block-level synthesis in progress, 0 of 199 jobs complete, 8 jobs running.
[09:14:00] Block-level synthesis in progress, 0 of 199 jobs complete, 8 jobs running.
[09:14:30] Block-level synthesis in progress, 7 of 199 jobs complete, 1 job running.
[09:15:00] Block-level synthesis in progress, 10 of 199 jobs complete, 5 jobs running.
[09:15:31] Block-level synthesis in progress, 14 of 199 jobs complete, 4 jobs running.
[09:16:01] Block-level synthesis in progress, 21 of 199 jobs complete, 1 job running.
[09:16:31] Block-level synthesis in progress, 21 of 199 jobs complete, 8 jobs running.
[09:17:01] Block-level synthesis in progress, 23 of 199 jobs complete, 6 jobs running.
[09:17:31] Block-level synthesis in progress, 28 of 199 jobs complete, 4 jobs running.
[09:18:01] Block-level synthesis in progress, 29 of 199 jobs complete, 7 jobs running.
[09:18:31] Block-level synthesis in progress, 35 of 199 jobs complete, 3 jobs running.
[09:19:01] Block-level synthesis in progress, 42 of 199 jobs complete, 3 jobs running.
[09:19:31] Block-level synthesis in progress, 50 of 199 jobs complete, 3 jobs running.
[09:20:04] Block-level synthesis in progress, 57 of 199 jobs complete, 4 jobs running.
[09:20:34] Block-level synthesis in progress, 64 of 199 jobs complete, 4 jobs running.
[09:21:04] Block-level synthesis in progress, 68 of 199 jobs complete, 5 jobs running.
[09:21:35] Block-level synthesis in progress, 76 of 199 jobs complete, 2 jobs running.
[09:22:05] Block-level synthesis in progress, 79 of 199 jobs complete, 7 jobs running.
[09:22:35] Block-level synthesis in progress, 83 of 199 jobs complete, 4 jobs running.
[09:23:13] Block-level synthesis in progress, 90 of 199 jobs complete, 2 jobs running.
[09:23:44] Block-level synthesis in progress, 96 of 199 jobs complete, 2 jobs running.
[09:24:14] Block-level synthesis in progress, 103 of 199 jobs complete, 1 job running.
[09:24:44] Block-level synthesis in progress, 109 of 199 jobs complete, 2 jobs running.
[09:25:14] Block-level synthesis in progress, 116 of 199 jobs complete, 1 job running.
[09:25:44] Block-level synthesis in progress, 122 of 199 jobs complete, 2 jobs running.
[09:26:14] Block-level synthesis in progress, 124 of 199 jobs complete, 6 jobs running.
[09:26:45] Block-level synthesis in progress, 127 of 199 jobs complete, 5 jobs running.
[09:27:15] Block-level synthesis in progress, 130 of 199 jobs complete, 6 jobs running.
[09:27:45] Block-level synthesis in progress, 131 of 199 jobs complete, 7 jobs running.
[09:28:15] Block-level synthesis in progress, 138 of 199 jobs complete, 2 jobs running.
[09:28:45] Block-level synthesis in progress, 141 of 199 jobs complete, 5 jobs running.
[09:29:16] Block-level synthesis in progress, 141 of 199 jobs complete, 8 jobs running.
[09:29:46] Block-level synthesis in progress, 145 of 199 jobs complete, 4 jobs running.
[09:30:17] Block-level synthesis in progress, 147 of 199 jobs complete, 6 jobs running.
[09:30:47] Block-level synthesis in progress, 149 of 199 jobs complete, 6 jobs running.
[09:31:17] Block-level synthesis in progress, 150 of 199 jobs complete, 7 jobs running.
[09:31:47] Block-level synthesis in progress, 153 of 199 jobs complete, 5 jobs running.
[09:32:18] Block-level synthesis in progress, 157 of 199 jobs complete, 6 jobs running.
[09:33:11] Block-level synthesis in progress, 160 of 199 jobs complete, 4 jobs running.
[09:33:41] Block-level synthesis in progress, 163 of 199 jobs complete, 5 jobs running.
[09:34:12] Block-level synthesis in progress, 167 of 199 jobs complete, 4 jobs running.
[09:34:42] Block-level synthesis in progress, 167 of 199 jobs complete, 8 jobs running.
[09:35:12] Block-level synthesis in progress, 173 of 199 jobs complete, 3 jobs running.
[09:35:43] Block-level synthesis in progress, 178 of 199 jobs complete, 6 jobs running.
[09:36:13] Block-level synthesis in progress, 181 of 199 jobs complete, 7 jobs running.
[09:36:43] Block-level synthesis in progress, 185 of 199 jobs complete, 5 jobs running.
[09:37:14] Block-level synthesis in progress, 186 of 199 jobs complete, 7 jobs running.
[09:37:44] Block-level synthesis in progress, 190 of 199 jobs complete, 4 jobs running.
[09:38:14] Block-level synthesis in progress, 193 of 199 jobs complete, 4 jobs running.
[09:38:45] Block-level synthesis in progress, 194 of 199 jobs complete, 3 jobs running.
[09:39:15] Block-level synthesis in progress, 196 of 199 jobs complete, 1 job running.
[09:39:45] Block-level synthesis in progress, 197 of 199 jobs complete, 1 job running.
[09:40:15] Block-level synthesis in progress, 197 of 199 jobs complete, 1 job running.
[09:40:46] Block-level synthesis in progress, 198 of 199 jobs complete, 1 job running.
[09:41:16] Block-level synthesis in progress, 198 of 199 jobs complete, 1 job running.
[09:41:46] Block-level synthesis in progress, 199 of 199 jobs complete, 0 jobs running.
[09:42:17] Top-level synthesis in progress.
[09:42:47] Top-level synthesis in progress.
[09:43:16] Run vpl: Step synth: Completed
[09:43:16] Run vpl: Step impl: Started
[09:51:23] Finished 2nd of 6 tasks (FPGA linking synthesized kernels to platform). Elapsed time: 00h 41m 56s 

[09:51:23] Starting logic optimization..
[09:51:53] Phase 1 Initialization
[09:51:53] Phase 1.1 Core Generation And Design Setup
[09:51:53] Phase 1.1.1 Generate And Synthesize MIG Cores
[09:55:56] Phase 1.1.2 Generate And Synthesize Debug Cores
[09:58:27] Phase 1.2 Setup Constraints And Sort Netlist
[09:58:27] Phase 2 Timer Update And Timing Data Collection
[09:58:27] Phase 2.1 Timer Update
[09:58:27] Phase 2.2 Timing Data Collection
[09:58:27] Phase 3 Retarget
[09:58:27] Phase 4 Constant propagation
[09:58:27] Phase 5 Sweep
[09:58:58] Phase 6 BUFG optimization
[09:58:58] Phase 7 Shift Register Optimization
[09:58:58] Phase 8 Post Processing Netlist
[09:58:58] Phase 9 Finalization
[09:58:58] Phase 9.1 Finalizing Design Cores and Updating Shapes
[09:59:28] Finished 3rd of 6 tasks (FPGA logic optimization). Elapsed time: 00h 08m 05s 

[09:59:28] Starting logic placement..
[09:59:28] Phase 9.2 Verifying Netlist Connectivity
[09:59:58] Phase 1 Placer Initialization
[09:59:58] Phase 1.1 Placer Initialization Netlist Sorting
[10:06:33] Phase 1.2 IO Placement/ Clock Placement/ Build Placer Device
[10:07:33] Phase 1.3 Build Placer Netlist Model
[10:08:34] Phase 1.4 Constrain Clocks/Macros
[10:09:04] Phase 2 Global Placement
[10:09:04] Phase 2.1 Floorplanning
[10:09:35] Phase 2.1.1 Partition Driven Placement
[10:09:35] Phase 2.1.1.1 PBP: Partition Driven Placement
[10:10:05] Phase 2.1.1.2 PBP: Clock Region Placement
[10:11:36] Phase 2.1.1.3 PBP: Compute Congestion
[10:11:36] Phase 2.1.1.4 PBP: UpdateTiming
[10:12:07] Phase 2.1.1.5 PBP: Add part constraints
[10:12:07] Phase 2.2 Physical Synthesis After Floorplan
[10:12:07] Phase 2.3 Update Timing before SLR Path Opt
[10:12:07] Phase 2.4 Post-Processing in Floorplanning
[10:12:07] Phase 2.5 Global Place Phase1
[10:16:40] Phase 2.6 Global Place Phase2
[10:16:40] Phase 2.6.1 UpdateTiming Before Physical Synthesis
[10:17:10] Phase 2.6.2 Physical Synthesis In Placer
[10:19:42] Phase 3 Detail Placement
[10:20:13] Phase 3.1 Commit Multi Column Macros
[10:20:13] Phase 3.2 Commit Most Macros & LUTRAMs
[10:22:14] Phase 3.3 Small Shape DP
[10:22:14] Phase 3.3.1 Small Shape Clustering
[10:22:14] Phase 3.3.2 Slice Area Swap
[10:22:14] Phase 3.3.2.1 Slice Area Swap Initial
[10:23:15] Phase 3.4 Place Remaining
[10:23:45] Phase 3.5 Re-assign LUT pins
[10:24:46] Phase 3.6 Pipeline Register Optimization
[10:24:46] Phase 3.7 Fast Optimization
[10:25:17] Phase 4 Post Placement Optimization and Clean-Up
[10:25:17] Phase 4.1 Post Commit Optimization
[10:26:17] Phase 4.1.1 Post Placement Optimization
[10:26:17] Phase 4.1.1.1 BUFG Insertion
[10:26:17] Phase 1 Physical Synthesis Initialization
[10:26:48] Phase 4.1.1.2 BUFG Replication
[10:26:48] Phase 4.1.1.3 Post Placement Timing Optimization
[10:27:18] Phase 4.1.1.4 Replication
[10:28:19] Phase 4.2 Post Placement Cleanup
[10:28:19] Phase 4.3 Placer Reporting
[10:28:19] Phase 4.3.1 Print Estimated Congestion
[10:28:19] Phase 4.4 Final Placement Cleanup
[10:30:21] Finished 4th of 6 tasks (FPGA logic placement). Elapsed time: 00h 30m 52s 

[10:30:21] Starting logic routing..
[10:30:21] Phase 1 Build RT Design
[10:31:52] Phase 2 Router Initialization
[10:31:52] Phase 2.1 Fix Topology Constraints
[10:31:52] Phase 2.2 Pre Route Cleanup
[10:31:52] Phase 2.3 Global Clock Net Routing
[10:32:22] Phase 2.4 Update Timing
[10:33:23] Phase 2.5 Update Timing for Bus Skew
[10:33:23] Phase 2.5.1 Update Timing
[10:33:23] Phase 2.6 Soft Constraint Pins - Fast Budgeting
[10:33:23] Phase 3 Global Routing
[10:33:23] Phase 4 Initial Routing
[10:33:23] Phase 4.1 Initial Net Routing Pass
[10:34:24] Phase 5 Rip-up And Reroute
[10:34:24] Phase 5.1 Global Iteration 0
[10:37:56] Phase 5.2 Global Iteration 1
[10:38:27] Phase 6 Delay and Skew Optimization
[10:38:27] Phase 6.1 Delay CleanUp
[10:38:57] Phase 6.2 Clock Skew Optimization
[10:38:57] Phase 7 Post Hold Fix
[10:38:57] Phase 7.1 Hold Fix Iter
[10:38:57] Phase 8 Leaf Clock Prog Delay Opt
[10:39:28] Phase 9 Route finalize
[10:39:28] Phase 10 Verifying routed nets
[10:39:28] Phase 11 Depositing Routes
[10:39:28] Phase 12 Resolve XTalk
[10:39:28] Phase 13 Post Process Routing
[10:39:28] Phase 14 Post Router Timing
[10:39:28] Phase 14.1 Update Timing
[10:39:58] Phase 15 Post-Route Event Processing
[10:40:28] Finished 5th of 6 tasks (FPGA routing). Elapsed time: 00h 10m 07s 

[10:40:28] Starting bitstream generation..
[10:48:34] Creating bitmap...
[10:51:06] Writing bitstream ./level0_i_level1_level1_i_ulp_my_rm_partial.bit...
[10:51:06] Finished 6th of 6 tasks (FPGA bitstream generation). Elapsed time: 00h 10m 37s 
Check VPL, containing 11 checks, has run: 0 errors, 1 advisory violation
ADVISORY: [AUTO-FREQ-SCALING-08] For clock clk_kernel_00_unbuffered_net, the auto scaled frequency 306.6 MHz exceeds the original specified frequency. The compiler will select the original specified frequency of 300.0 MHz.
[10:52:24] Run vpl: Step impl: Completed
[10:52:25] Run vpl: FINISHED. Run Status: impl Complete!
INFO: [v++ 60-1441] [10:52:25] Run run_link: Step vpl: Completed
Time (s): cpu = 00:00:59 ; elapsed = 01:43:00 . Memory (MB): peak = 515.836 ; gain = 0.000 ; free physical = 26984 ; free virtual = 74252
INFO: [v++ 60-1443] [10:52:25] Run run_link: Step rtdgen: Started
INFO: [v++ 60-1453] Command Line: rtdgen
INFO: [v++ 60-1454] Run Directory: /home/devsounio/u250-runs/null-draws-8a090b8-20260803T090705Z/build/_x/link/run_link
INFO: [v++ 60-991] clock name 'ss_ucs/aclk_kernel_00' (clock ID '0') is being mapped to clock name 'DATA_CLK' in the xclbin
INFO: [v++ 60-991] clock name 'ss_ucs/aclk_kernel_01' (clock ID '1') is being mapped to clock name 'KERNEL_CLK' in the xclbin
INFO: [v++ 60-1230] The compiler selected the following frequencies for the runtime controllable kernel clock(s) and scalable system clock(s): Kernel (DATA) clock: ss_ucs/aclk_kernel_00 = 300, Kernel (KERNEL) clock: ss_ucs/aclk_kernel_01 = 500
INFO: [v++ 60-1453] Command Line: cf2sw -a /home/devsounio/u250-runs/null-draws-8a090b8-20260803T090705Z/build/_x/link/int/address_map.xml -sdsl /home/devsounio/u250-runs/null-draws-8a090b8-20260803T090705Z/build/_x/link/int/sdsl.dat -xclbin /home/devsounio/u250-runs/null-draws-8a090b8-20260803T090705Z/build/_x/link/int/xclbin_orig.xml -rtd /home/devsounio/u250-runs/null-draws-8a090b8-20260803T090705Z/build/_x/link/int/null_draws.rtd -o /home/devsounio/u250-runs/null-draws-8a090b8-20260803T090705Z/build/_x/link/int/null_draws.xml
INFO: [v++ 60-1652] Cf2sw returned exit code: 0
INFO: [v++ 60-1441] [10:52:28] Run run_link: Step rtdgen: Completed
Time (s): cpu = 00:00:02 ; elapsed = 00:00:03 . Memory (MB): peak = 515.836 ; gain = 0.000 ; free physical = 26972 ; free virtual = 74240
INFO: [v++ 60-1443] [10:52:28] Run run_link: Step xclbinutil: Started
INFO: [v++ 60-1453] Command Line: xclbinutil --add-section BITSTREAM:RAW:/home/devsounio/u250-runs/null-draws-8a090b8-20260803T090705Z/build/_x/link/int/partial.bit --force --target hw --key-value SYS:dfx_enable:true --add-section :JSON:/home/devsounio/u250-runs/null-draws-8a090b8-20260803T090705Z/build/_x/link/int/null_draws.rtd --append-section :JSON:/home/devsounio/u250-runs/null-draws-8a090b8-20260803T090705Z/build/_x/link/int/appendSection.rtd --add-section CLOCK_FREQ_TOPOLOGY:JSON:/home/devsounio/u250-runs/null-draws-8a090b8-20260803T090705Z/build/_x/link/int/null_draws_xml.rtd --add-section BUILD_METADATA:JSON:/home/devsounio/u250-runs/null-draws-8a090b8-20260803T090705Z/build/_x/link/int/null_draws_build.rtd --add-section EMBEDDED_METADATA:RAW:/home/devsounio/u250-runs/null-draws-8a090b8-20260803T090705Z/build/_x/link/int/null_draws.xml --add-section SYSTEM_METADATA:RAW:/home/devsounio/u250-runs/null-draws-8a090b8-20260803T090705Z/build/_x/link/int/systemDiagramModelSlrBaseAddress.json --key-value SYS:PlatformVBNV:xilinx_u250_gen3x16_xdma_4_1_202210_1 --output /home/devsounio/u250-runs/null-draws-8a090b8-20260803T090705Z/build/null_draws.xclbin
INFO: [v++ 60-1454] Run Directory: /home/devsounio/u250-runs/null-draws-8a090b8-20260803T090705Z/build/_x/link/run_link
XRT Build Version: 2.19.0 (Vitis)
       Build Date: 2025-02-07 10:52:04
          Hash ID: f02de266f785111094b02d32a9012bd0da3abd58
Creating a default 'in-memory' xclbin image.

Section: 'BITSTREAM'(0) was successfully added.
Size   : 48643966 bytes
Format : RAW
File   : '/home/devsounio/u250-runs/null-draws-8a090b8-20260803T090705Z/build/_x/link/int/partial.bit'

Section: 'MEM_TOPOLOGY'(6) was successfully added.
Format : JSON
File   : 'mem_topology'

Section: 'IP_LAYOUT'(8) was successfully added.
Format : JSON
File   : 'ip_layout'

Section: 'CONNECTIVITY'(7) was successfully added.
Format : JSON
File   : 'connectivity'

Section: 'CLOCK_FREQ_TOPOLOGY'(11) was successfully added.
Size   : 274 bytes
Format : JSON
File   : '/home/devsounio/u250-runs/null-draws-8a090b8-20260803T090705Z/build/_x/link/int/null_draws_xml.rtd'

Section: 'BUILD_METADATA'(14) was successfully added.
Size   : 2851 bytes
Format : JSON
File   : '/home/devsounio/u250-runs/null-draws-8a090b8-20260803T090705Z/build/_x/link/int/null_draws_build.rtd'

Section: 'EMBEDDED_METADATA'(2) was successfully added.
Size   : 15750 bytes
Format : RAW
File   : '/home/devsounio/u250-runs/null-draws-8a090b8-20260803T090705Z/build/_x/link/int/null_draws.xml'

Section: 'SYSTEM_METADATA'(22) was successfully added.
Size   : 22598 bytes
Format : RAW
File   : '/home/devsounio/u250-runs/null-draws-8a090b8-20260803T090705Z/build/_x/link/int/systemDiagramModelSlrBaseAddress.json'

Section: 'PARTITION_METADATA'(20) was successfully appended to.
Format : JSON
File   : 'partition_metadata'

Section: 'IP_LAYOUT'(8) was successfully appended to.
Format : JSON
File   : 'ip_layout'
Successfully wrote (48699767 bytes) to the output file: /home/devsounio/u250-runs/null-draws-8a090b8-20260803T090705Z/build/null_draws.xclbin
Leaving xclbinutil.
INFO: [v++ 60-1441] [10:52:28] Run run_link: Step xclbinutil: Completed
Time (s): cpu = 00:00:00.09 ; elapsed = 00:00:00.26 . Memory (MB): peak = 515.836 ; gain = 0.000 ; free physical = 26924 ; free virtual = 74238
INFO: [v++ 60-1443] [10:52:28] Run run_link: Step xclbinutilinfo: Started
INFO: [v++ 60-1453] Command Line: xclbinutil --quiet --force --info /home/devsounio/u250-runs/null-draws-8a090b8-20260803T090705Z/build/null_draws.xclbin.info --input /home/devsounio/u250-runs/null-draws-8a090b8-20260803T090705Z/build/null_draws.xclbin
INFO: [v++ 60-1454] Run Directory: /home/devsounio/u250-runs/null-draws-8a090b8-20260803T090705Z/build/_x/link/run_link
INFO: [v++ 60-1441] [10:52:29] Run run_link: Step xclbinutilinfo: Completed
Time (s): cpu = 00:00:00.37 ; elapsed = 00:00:00.94 . Memory (MB): peak = 515.836 ; gain = 0.000 ; free physical = 26926 ; free virtual = 74240
Check POST-VPL, containing 1 checks, has run: 0 errors
INFO: [v++ 60-244] Generating system estimate report...
INFO: [v++ 60-1092] Generated system estimate report: /home/devsounio/u250-runs/null-draws-8a090b8-20260803T090705Z/build/_x/reports/link/system_estimate_null_draws.xtxt
INFO: [v++ 60-586] Created /home/devsounio/u250-runs/null-draws-8a090b8-20260803T090705Z/build/null_draws.ltx
INFO: [v++ 60-586] Created null_draws.xclbin
INFO: [v++ 60-1307] Run completed. Additional information can be found in:
	Guidance: /home/devsounio/u250-runs/null-draws-8a090b8-20260803T090705Z/build/_x/reports/link/v++_link_null_draws_guidance.html
	Timing Report: /home/devsounio/u250-runs/null-draws-8a090b8-20260803T090705Z/build/_x/reports/link/imp/impl_1_hw_bb_locked_timing_summary_routed.rpt
	Vivado Log: /home/devsounio/u250-runs/null-draws-8a090b8-20260803T090705Z/build/_x/logs/link/vivado.log
	Steps Log File: /home/devsounio/u250-runs/null-draws-8a090b8-20260803T090705Z/build/_x/logs/link/link.steps.log

INFO: [v++ 60-2343] Use the Vitis Unified IDE to visualize and navigate the reports. Run the following command. 
    vitis --analyze /home/devsounio/u250-runs/null-draws-8a090b8-20260803T090705Z/build/null_draws.xclbin.link_summary 
INFO: [v++ 60-791] Total elapsed time: 1h 43m 20s
INFO: [v++ 60-1653] Closing dispatch client.
U250_NULL_XCLBIN_BUILD_PASS /home/devsounio/u250-runs/null-draws-8a090b8-20260803T090705Z/build/null_draws.xclbin
