Option Map File Used: '/opt/amd/2025.1/Vitis/data/vitis/vpp/optMap.xml'

****** v++ v2025.1 (64-bit)
  **** SW Build 6137779 on 2025-05-21-18:10:03
  **** Start of session at: Mon Aug  3 09:08:06 2026
    ** Copyright 1986-2022 Xilinx, Inc. All Rights Reserved.
    ** Copyright 2022-2025 Advanced Micro Devices, Inc. All Rights Reserved.

INFO: [v++ 60-1306] Additional information associated with this v++ compile can be found at:
	Reports: /home/devsounio/u250-runs/null-draws-8a090b8-20260803T090705Z/build/_x/reports/null_draws
	Log files: /home/devsounio/u250-runs/null-draws-8a090b8-20260803T090705Z/build/_x/logs/null_draws
INFO: [v++ 60-1548] Creating build summary session with primary output /home/devsounio/u250-runs/null-draws-8a090b8-20260803T090705Z/build/null_draws.xo.compile_summary, at Mon Aug  3 09:08:09 2026
INFO: [v++ 60-1315] Creating rulecheck session with output '/home/devsounio/u250-runs/null-draws-8a090b8-20260803T090705Z/build/_x/reports/null_draws/v++_compile_null_draws_guidance.html', at Mon Aug  3 09:08:09 2026
INFO: [v++ 60-895]   Target platform: /opt/xilinx/platforms/xilinx_u250_gen3x16_xdma_4_1_202210_1/xilinx_u250_gen3x16_xdma_4_1_202210_1.xpfm
INFO: [v++ 60-1578]   This platform contains Xilinx Shell Archive '/opt/xilinx/platforms/xilinx_u250_gen3x16_xdma_4_1_202210_1/hw/hw.xsa'
INFO: [v++ 74-78] Compiler Version string: 2025.1
INFO: [v++ 60-1302] Platform 'xilinx_u250_gen3x16_xdma_4_1_202210_1.xpfm' has been explicitly enabled for this release.
INFO: [v++ 60-585] Compiling for hardware target
INFO: [v++ 60-423]   Target device: xilinx_u250_gen3x16_xdma_4_1_202210_1
INFO: [v++ 60-242] Creating kernel: 'null_draws'

===>The following messages were generated while  performing high-level synthesis for kernel: null_draws Log file: /home/devsounio/u250-runs/null-draws-8a090b8-20260803T090705Z/build/_x/null_draws/null_draws/vitis_hls.log :
INFO: [v++ 204-61] Pipelining loop 'VITIS_LOOP_51_1'.
INFO: [v++ 200-1470] Pipelining result : Target II = NA, Final II = 1, Depth = 2, loop 'VITIS_LOOP_51_1'
INFO: [v++ 204-61] Pipelining loop 'VITIS_LOOP_14_1'.
INFO: [v++ 200-1470] Pipelining result : Target II = NA, Final II = 1, Depth = 2, loop 'VITIS_LOOP_14_1'
INFO: [v++ 204-61] Pipelining loop 'VITIS_LOOP_14_1'.
INFO: [v++ 200-1470] Pipelining result : Target II = NA, Final II = 1, Depth = 2, loop 'VITIS_LOOP_14_1'
INFO: [v++ 204-61] Pipelining loop 'VITIS_LOOP_102_5'.
INFO: [v++ 200-1470] Pipelining result : Target II = NA, Final II = 1, Depth = 3, loop 'VITIS_LOOP_102_5'
INFO: [v++ 204-61] Pipelining loop 'VITIS_LOOP_131_1'.
INFO: [v++ 200-1470] Pipelining result : Target II = NA, Final II = 1, Depth = 1, loop 'VITIS_LOOP_131_1'
INFO: [v++ 204-61] Pipelining loop 'VITIS_LOOP_189_6'.
INFO: [v++ 200-1470] Pipelining result : Target II = NA, Final II = 37, Depth = 38, loop 'VITIS_LOOP_189_6'
INFO: [v++ 200-790] **** Loop Constraint Status: All loop constraints were NOT satisfied.
INFO: [v++ 200-789] **** Estimated Fmax: 411.00 MHz
INFO: [v++ 60-594] Finished kernel compilation
INFO: [v++ 60-244] Generating system estimate report...
INFO: [v++ 60-1092] Generated system estimate report: /home/devsounio/u250-runs/null-draws-8a090b8-20260803T090705Z/build/_x/reports/null_draws/system_estimate_null_draws.xtxt
INFO: [v++ 60-586] Created null_draws.xo
INFO: [v++ 60-2343] Use the Vitis Unified IDE to visualize and navigate the reports. Run the following command. 
    vitis --analyze /home/devsounio/u250-runs/null-draws-8a090b8-20260803T090705Z/build/null_draws.xo.compile_summary 
INFO: [v++ 60-791] Total elapsed time: 0h 1m 1s
INFO: [v++ 60-1653] Closing dispatch client.
