Option Map File Used: '/opt/amd/2025.1/Vitis/data/vitis/vpp/optMap.xml'

****** v++ v2025.1 (64-bit)
  **** SW Build 6137779 on 2025-05-21-18:10:03
  **** Start of session at: Sat Aug  8 18:42:20 2026
    ** Copyright 1986-2022 Xilinx, Inc. All Rights Reserved.
    ** Copyright 2022-2025 Advanced Micro Devices, Inc. All Rights Reserved.

INFO: [v++ 60-1306] Additional information associated with this v++ compile can be found at:
	Reports: /home/devsounio/darwin-atlas-p2/build-p2/_x/reports/dinucleotide_summaries
	Log files: /home/devsounio/darwin-atlas-p2/build-p2/_x/logs/dinucleotide_summaries
INFO: [v++ 60-1548] Creating build summary session with primary output /home/devsounio/darwin-atlas-p2/build-p2/dinucleotide_summaries.xo.compile_summary, at Sat Aug  8 18:42:24 2026
INFO: [v++ 60-1315] Creating rulecheck session with output '/home/devsounio/darwin-atlas-p2/build-p2/_x/reports/dinucleotide_summaries/v++_compile_dinucleotide_summaries_guidance.html', at Sat Aug  8 18:42:24 2026
INFO: [v++ 60-895]   Target platform: /opt/xilinx/platforms/xilinx_u250_gen3x16_xdma_4_1_202210_1/xilinx_u250_gen3x16_xdma_4_1_202210_1.xpfm
INFO: [v++ 60-1578]   This platform contains Xilinx Shell Archive '/opt/xilinx/platforms/xilinx_u250_gen3x16_xdma_4_1_202210_1/hw/hw.xsa'
INFO: [v++ 74-78] Compiler Version string: 2025.1
INFO: [v++ 60-1302] Platform 'xilinx_u250_gen3x16_xdma_4_1_202210_1.xpfm' has been explicitly enabled for this release.
INFO: [v++ 60-585] Compiling for hardware target
INFO: [v++ 60-423]   Target device: xilinx_u250_gen3x16_xdma_4_1_202210_1
INFO: [v++ 60-242] Creating kernel: 'dinucleotide_summaries'

===>The following messages were generated while  performing high-level synthesis for kernel: dinucleotide_summaries Log file: /home/devsounio/darwin-atlas-p2/build-p2/_x/dinucleotide_summaries/dinucleotide_summaries/vitis_hls.log :
INFO: [v++ 204-61] Pipelining loop 'Loop 1'.
INFO: [v++ 200-1470] Pipelining result : Target II = NA, Final II = 1, Depth = 1, loop 'Loop 1'
INFO: [v++ 204-61] Pipelining loop 'Loop 1'.
INFO: [v++ 200-1470] Pipelining result : Target II = NA, Final II = 1, Depth = 1, loop 'Loop 1'
INFO: [v++ 204-61] Pipelining loop 'Loop 1'.
INFO: [v++ 200-1470] Pipelining result : Target II = NA, Final II = 1, Depth = 1, loop 'Loop 1'
INFO: [v++ 204-61] Pipelining loop 'Loop 1'.
INFO: [v++ 200-1470] Pipelining result : Target II = NA, Final II = 1, Depth = 1, loop 'Loop 1'
INFO: [v++ 204-61] Pipelining loop 'Loop 1'.
INFO: [v++ 200-1470] Pipelining result : Target II = NA, Final II = 1, Depth = 1, loop 'Loop 1'
INFO: [v++ 204-61] Pipelining loop 'Loop 1'.
INFO: [v++ 200-1470] Pipelining result : Target II = NA, Final II = 1, Depth = 1, loop 'Loop 1'
INFO: [v++ 204-61] Pipelining loop 'VITIS_LOOP_118_1'.
INFO: [v++ 200-1470] Pipelining result : Target II = NA, Final II = 1, Depth = 1, loop 'VITIS_LOOP_118_1'
INFO: [v++ 204-61] Pipelining loop 'VITIS_LOOP_123_2'.
INFO: [v++ 200-1470] Pipelining result : Target II = NA, Final II = 1, Depth = 2, loop 'VITIS_LOOP_123_2'
INFO: [v++ 204-61] Pipelining loop 'VITIS_LOOP_92_1'.
INFO: [v++ 200-1470] Pipelining result : Target II = NA, Final II = 73, Depth = 76, loop 'VITIS_LOOP_92_1'
INFO: [v++ 204-61] Pipelining loop 'VITIS_LOOP_137_3'.
INFO: [v++ 200-1470] Pipelining result : Target II = NA, Final II = 1, Depth = 1, loop 'VITIS_LOOP_137_3'
INFO: [v++ 204-61] Pipelining loop 'VITIS_LOOP_76_1'.
INFO: [v++ 200-1470] Pipelining result : Target II = NA, Final II = 71, Depth = 72, loop 'VITIS_LOOP_76_1'
INFO: [v++ 204-61] Pipelining loop 'VITIS_LOOP_156_6'.
INFO: [v++ 200-1470] Pipelining result : Target II = NA, Final II = 1, Depth = 2, loop 'VITIS_LOOP_156_6'
INFO: [v++ 204-61] Pipelining loop 'VITIS_LOOP_175_7'.
INFO: [v++ 200-1470] Pipelining result : Target II = NA, Final II = 1, Depth = 3, loop 'VITIS_LOOP_175_7'
INFO: [v++ 204-61] Pipelining loop 'VITIS_LOOP_194_9'.
INFO: [v++ 200-1470] Pipelining result : Target II = NA, Final II = 1, Depth = 2, loop 'VITIS_LOOP_194_9'
INFO: [v++ 204-61] Pipelining loop 'VITIS_LOOP_76_1'.
INFO: [v++ 200-1470] Pipelining result : Target II = NA, Final II = 71, Depth = 72, loop 'VITIS_LOOP_76_1'
INFO: [v++ 204-61] Pipelining loop 'VITIS_LOOP_210_11'.
INFO: [v++ 200-1470] Pipelining result : Target II = NA, Final II = 1, Depth = 2, loop 'VITIS_LOOP_210_11'
INFO: [v++ 204-61] Pipelining loop 'VITIS_LOOP_226_12'.
INFO: [v++ 200-1470] Pipelining result : Target II = NA, Final II = 4, Depth = 4, loop 'VITIS_LOOP_226_12'
INFO: [v++ 204-61] Pipelining loop 'VITIS_LOOP_271_1'.
INFO: [v++ 200-1470] Pipelining result : Target II = NA, Final II = 1, Depth = 2, loop 'VITIS_LOOP_271_1'
INFO: [v++ 204-61] Pipelining loop 'VITIS_LOOP_315_2'.
INFO: [v++ 200-1470] Pipelining result : Target II = NA, Final II = 2, Depth = 2, loop 'VITIS_LOOP_315_2'
INFO: [v++ 204-61] Pipelining loop 'VITIS_LOOP_279_1'.
INFO: [v++ 200-1470] Pipelining result : Target II = NA, Final II = 1, Depth = 2, loop 'VITIS_LOOP_279_1'
INFO: [v++ 204-61] Pipelining loop 'VITIS_LOOP_288_1'.
INFO: [v++ 200-1470] Pipelining result : Target II = NA, Final II = 1, Depth = 2, loop 'VITIS_LOOP_288_1'
INFO: [v++ 204-61] Pipelining loop 'VITIS_LOOP_340_4'.
INFO: [v++ 200-1470] Pipelining result : Target II = NA, Final II = 2, Depth = 2, loop 'VITIS_LOOP_340_4'
INFO: [v++ 204-61] Pipelining loop 'VITIS_LOOP_253_1'.
INFO: [v++ 200-1470] Pipelining result : Target II = NA, Final II = 1, Depth = 2, loop 'VITIS_LOOP_253_1'
INFO: [v++ 204-61] Pipelining loop 'VITIS_LOOP_403_1'.
INFO: [v++ 200-1470] Pipelining result : Target II = NA, Final II = 1, Depth = 4, loop 'VITIS_LOOP_403_1'
INFO: [v++ 204-61] Pipelining loop 'VITIS_LOOP_407_2'.
INFO: [v++ 200-1470] Pipelining result : Target II = NA, Final II = 1, Depth = 1, loop 'VITIS_LOOP_407_2'
INFO: [v++ 204-61] Pipelining loop 'VITIS_LOOP_413_3'.
INFO: [v++ 200-1470] Pipelining result : Target II = NA, Final II = 1, Depth = 7, loop 'VITIS_LOOP_413_3'
INFO: [v++ 204-61] Pipelining loop 'VITIS_LOOP_375_3'.
INFO: [v++ 200-1470] Pipelining result : Target II = NA, Final II = 4, Depth = 4, loop 'VITIS_LOOP_375_3'
INFO: [v++ 200-790] **** Loop Constraint Status: All loop constraints were NOT satisfied.
INFO: [v++ 200-789] **** Estimated Fmax: 411.00 MHz
INFO: [v++ 60-594] Finished kernel compilation
INFO: [v++ 60-244] Generating system estimate report...
INFO: [v++ 60-1092] Generated system estimate report: /home/devsounio/darwin-atlas-p2/build-p2/_x/reports/dinucleotide_summaries/system_estimate_dinucleotide_summaries.xtxt
INFO: [v++ 60-586] Created dinucleotide_summaries.xo
INFO: [v++ 60-2343] Use the Vitis Unified IDE to visualize and navigate the reports. Run the following command. 
    vitis --analyze /home/devsounio/darwin-atlas-p2/build-p2/dinucleotide_summaries.xo.compile_summary 
INFO: [v++ 60-791] Total elapsed time: 0h 3m 50s
INFO: [v++ 60-1653] Closing dispatch client.
