Option Map File Used: '/opt/amd/2025.1/Vitis/data/vitis/vpp/optMap.xml'

****** v++ v2025.1 (64-bit)
  **** SW Build 6137779 on 2025-05-21-18:10:03
  **** Start of session at: Sat Aug  8 18:46:13 2026
    ** Copyright 1986-2022 Xilinx, Inc. All Rights Reserved.
    ** Copyright 2022-2025 Advanced Micro Devices, Inc. All Rights Reserved.

INFO: [v++ 60-1306] Additional information associated with this v++ link can be found at:
	Reports: /home/devsounio/darwin-atlas-p2/build-p2/_x/reports/link
	Log files: /home/devsounio/darwin-atlas-p2/build-p2/_x/logs/link
INFO: [v++ 60-1548] Creating build summary session with primary output /home/devsounio/darwin-atlas-p2/build-p2/dinucleotide_summaries.xclbin.link_summary, at Sat Aug  8 18:46:15 2026
INFO: [v++ 60-1315] Creating rulecheck session with output '/home/devsounio/darwin-atlas-p2/build-p2/_x/reports/link/v++_link_dinucleotide_summaries_guidance.html', at Sat Aug  8 18:46:15 2026
INFO: [v++ 60-895]   Target platform: /opt/xilinx/platforms/xilinx_u250_gen3x16_xdma_4_1_202210_1/xilinx_u250_gen3x16_xdma_4_1_202210_1.xpfm
INFO: [v++ 60-1578]   This platform contains Xilinx Shell Archive '/opt/xilinx/platforms/xilinx_u250_gen3x16_xdma_4_1_202210_1/hw/hw.xsa'
INFO: [v++ 74-78] Compiler Version string: 2025.1
INFO: [v++ 60-1302] Platform 'xilinx_u250_gen3x16_xdma_4_1_202210_1.xpfm' has been explicitly enabled for this release.
INFO: [v++ 60-629] Linking for hardware target
INFO: [v++ 60-423]   Target device: xilinx_u250_gen3x16_xdma_4_1_202210_1
INFO: [v++ 60-1332] Run 'run_link' status: Not started
INFO: [v++ 60-1443] [18:46:19] Run run_link: Step system_link: Started
INFO: [v++ 60-1453] Command Line: system_link --xo /home/devsounio/darwin-atlas-p2/build-p2/dinucleotide_summaries.xo -keep --config /home/devsounio/darwin-atlas-p2/build-p2/_x/link/int/syslinkConfig.ini --xpfm /opt/xilinx/platforms/xilinx_u250_gen3x16_xdma_4_1_202210_1/xilinx_u250_gen3x16_xdma_4_1_202210_1.xpfm --target hw --output_dir /home/devsounio/darwin-atlas-p2/build-p2/_x/link/int --temp_dir /home/devsounio/darwin-atlas-p2/build-p2/_x/link/sys_link
INFO: [v++ 60-1454] Run Directory: /home/devsounio/darwin-atlas-p2/build-p2/_x/link/run_link
INFO: [SYSTEM_LINK 82-70] Extracting xo v3 file /home/devsounio/darwin-atlas-p2/build-p2/dinucleotide_summaries.xo
INFO: [SYSTEM_LINK 82-53] Creating IP database /home/devsounio/darwin-atlas-p2/build-p2/_x/link/sys_link/_sysl/.cdb/xd_ip_db.xml
INFO: [SYSTEM_LINK 82-38] [18:46:21] build_xd_ip_db started: /opt/amd/2025.1/Vitis/bin/build_xd_ip_db -ip_search 0  -sds-pf /home/devsounio/darwin-atlas-p2/build-p2/_x/link/sys_link/hw.hpfm -clkid 0 -ip /home/devsounio/darwin-atlas-p2/build-p2/_x/link/sys_link/iprepo/xilinx_com_hls_dinucleotide_summaries_1_0,dinucleotide_summaries -o /home/devsounio/darwin-atlas-p2/build-p2/_x/link/sys_link/_sysl/.cdb/xd_ip_db.xml
INFO: [SYSTEM_LINK 82-37] [18:46:21] build_xd_ip_db finished successfully
Time (s): cpu = 00:00:00.25 ; elapsed = 00:00:00.51 . Memory (MB): peak = 498.832 ; gain = 0.000 ; free physical = 77527 ; free virtual = 79669
INFO: [SYSTEM_LINK 82-51] Create system connectivity graph
INFO: [SYSTEM_LINK 82-102] Applying explicit connections to the system connectivity graph: /home/devsounio/darwin-atlas-p2/build-p2/_x/link/sys_link/cfgraph/cfgen_cfgraph.xml
INFO: [SYSTEM_LINK 82-38] [18:46:21] cfgen started: /opt/amd/2025.1/Vitis/bin/cfgen  -nk dinucleotide_summaries:1:dinucleotide_summaries_1 -sp dinucleotide_summaries_1.windows:DDR[0] -sp dinucleotide_summaries_1.metadata:DDR[1] -sp dinucleotide_summaries_1.summaries:DDR[2] -dpa_mem_offload false -dpa_aie_mem_offload false -dmclkid 0 -r /home/devsounio/darwin-atlas-p2/build-p2/_x/link/sys_link/_sysl/.cdb/xd_ip_db.xml -o /home/devsounio/darwin-atlas-p2/build-p2/_x/link/sys_link/cfgraph/cfgen_cfgraph.xml
INFO: [CFGEN 83-0] Kernel Specs: 
INFO: [CFGEN 83-0]   kernel: dinucleotide_summaries, num: 1  {dinucleotide_summaries_1}
INFO: [CFGEN 83-0] Port Specs: 
INFO: [CFGEN 83-0]   kernel: dinucleotide_summaries_1, k_port: windows, sptag: DDR[0]
INFO: [CFGEN 83-0]   kernel: dinucleotide_summaries_1, k_port: metadata, sptag: DDR[1]
INFO: [CFGEN 83-0]   kernel: dinucleotide_summaries_1, k_port: summaries, sptag: DDR[2]
INFO: [SYSTEM_LINK 82-37] [18:46:25] cfgen finished successfully
Time (s): cpu = 00:00:03 ; elapsed = 00:00:03 . Memory (MB): peak = 498.832 ; gain = 0.000 ; free physical = 77523 ; free virtual = 79666
INFO: [SYSTEM_LINK 82-52] Create top-level block diagram
INFO: [SYSTEM_LINK 82-38] [18:46:25] cf2bd started: /opt/amd/2025.1/Vitis/bin/cf2bd  --linux --trace_buffer 1024 --input_file /home/devsounio/darwin-atlas-p2/build-p2/_x/link/sys_link/cfgraph/cfgen_cfgraph.xml --ip_db /home/devsounio/darwin-atlas-p2/build-p2/_x/link/sys_link/_sysl/.cdb/xd_ip_db.xml --cf_name dr --working_dir /home/devsounio/darwin-atlas-p2/build-p2/_x/link/sys_link/_sysl/.xsd --temp_dir /home/devsounio/darwin-atlas-p2/build-p2/_x/link/sys_link --output_dir /home/devsounio/darwin-atlas-p2/build-p2/_x/link/int --target_bd ulp.bd
INFO: [CF2BD 82-31] Launching cf2xd: cf2xd -linux -trace-buffer 1024 -i /home/devsounio/darwin-atlas-p2/build-p2/_x/link/sys_link/cfgraph/cfgen_cfgraph.xml -r /home/devsounio/darwin-atlas-p2/build-p2/_x/link/sys_link/_sysl/.cdb/xd_ip_db.xml -o dr.xml
INFO: [CF2BD 82-28] cf2xd finished successfully
INFO: [CF2BD 82-31] Launching cf_xsd: cf_xsd -disable-address-gen -bd ulp.bd -dn dr -dp /home/devsounio/darwin-atlas-p2/build-p2/_x/link/sys_link/_sysl/.xsd
INFO: [CF2BD 82-28] cf_xsd finished successfully
INFO: [SYSTEM_LINK 82-37] [18:46:27] cf2bd finished successfully
Time (s): cpu = 00:00:02 ; elapsed = 00:00:03 . Memory (MB): peak = 498.832 ; gain = 0.000 ; free physical = 77499 ; free virtual = 79644
INFO: [v++ 60-1441] [18:46:27] Run run_link: Step system_link: Completed
Time (s): cpu = 00:00:07 ; elapsed = 00:00:09 . Memory (MB): peak = 515.836 ; gain = 0.000 ; free physical = 77609 ; free virtual = 79755
INFO: [v++ 60-1443] [18:46:27] Run run_link: Step cf2sw: Started
INFO: [v++ 60-1453] Command Line: cf2sw -sdsl /home/devsounio/darwin-atlas-p2/build-p2/_x/link/int/sdsl.dat -rtd /home/devsounio/darwin-atlas-p2/build-p2/_x/link/int/cf2sw.rtd -nofilter /home/devsounio/darwin-atlas-p2/build-p2/_x/link/int/cf2sw_full.rtd -xclbin /home/devsounio/darwin-atlas-p2/build-p2/_x/link/int/xclbin_orig.xml -o /home/devsounio/darwin-atlas-p2/build-p2/_x/link/int/xclbin_orig.1.xml
INFO: [v++ 60-1454] Run Directory: /home/devsounio/darwin-atlas-p2/build-p2/_x/link/run_link
INFO: [v++ 60-1441] [18:46:31] Run run_link: Step cf2sw: Completed
Time (s): cpu = 00:00:03 ; elapsed = 00:00:03 . Memory (MB): peak = 515.836 ; gain = 0.000 ; free physical = 77606 ; free virtual = 79754
INFO: [v++ 60-1443] [18:46:31] Run run_link: Step rtd2_system_diagram: Started
INFO: [v++ 60-1453] Command Line: rtd2SystemDiagram
INFO: [v++ 60-1454] Run Directory: /home/devsounio/darwin-atlas-p2/build-p2/_x/link/run_link
INFO: [v++ 60-1441] [18:46:31] Run run_link: Step rtd2_system_diagram: Completed
Time (s): cpu = 00:00:00 ; elapsed = 00:00:00.25 . Memory (MB): peak = 515.836 ; gain = 0.000 ; free physical = 77595 ; free virtual = 79743
INFO: [v++ 60-1443] [18:46:31] Run run_link: Step vpl: Started
INFO: [v++ 60-1453] Command Line: vpl -t hw -f /opt/xilinx/platforms/xilinx_u250_gen3x16_xdma_4_1_202210_1/xilinx_u250_gen3x16_xdma_4_1_202210_1.xpfm -s -g --remote_ip_cache /home/devsounio/darwin-atlas-p2/build-p2/.ipcache --output_dir /home/devsounio/darwin-atlas-p2/build-p2/_x/link/int --log_dir /home/devsounio/darwin-atlas-p2/build-p2/_x/logs/link --report_dir /home/devsounio/darwin-atlas-p2/build-p2/_x/reports/link --config /home/devsounio/darwin-atlas-p2/build-p2/_x/link/int/vplConfig.ini -k /home/devsounio/darwin-atlas-p2/build-p2/_x/link/int/kernel_info.dat --webtalk_flag Vitis --temp_dir /home/devsounio/darwin-atlas-p2/build-p2/_x/link --no-info --iprepo /home/devsounio/darwin-atlas-p2/build-p2/_x/link/int/xo/ip_repo/xilinx_com_hls_dinucleotide_summaries_1_0 --messageDb /home/devsounio/darwin-atlas-p2/build-p2/_x/link/run_link/vpl.pb /home/devsounio/darwin-atlas-p2/build-p2/_x/link/int/dr.bd.tcl
INFO: [v++ 60-1454] Run Directory: /home/devsounio/darwin-atlas-p2/build-p2/_x/link/run_link

****** vpl v2025.1 (64-bit)
  **** SW Build 6137779 on 2025-05-21-18:10:03
  **** Start of session at: Sat Aug  8 18:46:32 2026
    ** Copyright 1986-2022 Xilinx, Inc. All Rights Reserved.
    ** Copyright 2022-2025 Advanced Micro Devices, Inc. All Rights Reserved.

INFO: [VPL 60-839] Read in kernel information from file '/home/devsounio/darwin-atlas-p2/build-p2/_x/link/int/kernel_info.dat'.
INFO: [VPL 74-78] Compiler Version string: 2025.1
INFO: [VPL 60-423]   Target device: xilinx_u250_gen3x16_xdma_4_1_202210_1
INFO: [VPL 60-1032] Extracting hardware platform to /home/devsounio/darwin-atlas-p2/build-p2/_x/link/vivado/vpl/.local/hw_platform
[18:46:42] Run vpl: Step create_project: Started
Creating Vivado project.
[18:46:45] Run vpl: Step create_project: Completed
[18:46:45] Run vpl: Step create_bd: Started
[18:47:52] Run vpl: Step create_bd: Completed
[18:47:52] Run vpl: Step update_bd: Started
[18:47:53] Run vpl: Step update_bd: Completed
[18:47:53] Run vpl: Step generate_target: Started
[18:49:08] Run vpl: Step generate_target: RUNNING...
[18:49:35] Run vpl: Step generate_target: Completed
[18:49:35] Run vpl: Step config_hw_runs: Started
[18:50:51] Run vpl: Step config_hw_runs: RUNNING...
[18:51:03] Run vpl: Step config_hw_runs: Completed
[18:51:03] Run vpl: Step synth: Started
[18:51:34] Block-level synthesis in progress, 0 of 199 jobs complete, 8 jobs running.
[18:52:04] Block-level synthesis in progress, 0 of 199 jobs complete, 8 jobs running.
[18:52:34] Block-level synthesis in progress, 7 of 199 jobs complete, 1 job running.
[18:53:04] Block-level synthesis in progress, 10 of 199 jobs complete, 5 jobs running.
[18:53:34] Block-level synthesis in progress, 15 of 199 jobs complete, 3 jobs running.
[18:54:04] Block-level synthesis in progress, 19 of 199 jobs complete, 4 jobs running.
[18:54:35] Block-level synthesis in progress, 21 of 199 jobs complete, 7 jobs running.
[18:55:05] Block-level synthesis in progress, 23 of 199 jobs complete, 6 jobs running.
[18:55:35] Block-level synthesis in progress, 27 of 199 jobs complete, 7 jobs running.
[18:56:05] Block-level synthesis in progress, 29 of 199 jobs complete, 7 jobs running.
[18:56:35] Block-level synthesis in progress, 35 of 199 jobs complete, 3 jobs running.
[18:57:05] Block-level synthesis in progress, 37 of 199 jobs complete, 6 jobs running.
[18:57:35] Block-level synthesis in progress, 43 of 199 jobs complete, 2 jobs running.
[18:58:06] Block-level synthesis in progress, 45 of 199 jobs complete, 6 jobs running.
[18:58:36] Block-level synthesis in progress, 50 of 199 jobs complete, 3 jobs running.
[18:59:06] Block-level synthesis in progress, 52 of 199 jobs complete, 7 jobs running.
[18:59:36] Block-level synthesis in progress, 58 of 199 jobs complete, 3 jobs running.
[19:00:06] Block-level synthesis in progress, 60 of 199 jobs complete, 7 jobs running.
[19:00:36] Block-level synthesis in progress, 61 of 199 jobs complete, 7 jobs running.
[19:01:07] Block-level synthesis in progress, 68 of 199 jobs complete, 2 jobs running.
[19:01:37] Block-level synthesis in progress, 69 of 199 jobs complete, 7 jobs running.
[19:02:07] Block-level synthesis in progress, 74 of 199 jobs complete, 3 jobs running.
[19:02:37] Block-level synthesis in progress, 78 of 199 jobs complete, 4 jobs running.
[19:03:07] Block-level synthesis in progress, 81 of 199 jobs complete, 6 jobs running.
[19:03:38] Block-level synthesis in progress, 81 of 199 jobs complete, 8 jobs running.
[19:04:08] Block-level synthesis in progress, 85 of 199 jobs complete, 6 jobs running.
[19:04:38] Block-level synthesis in progress, 89 of 199 jobs complete, 7 jobs running.
[19:05:08] Block-level synthesis in progress, 91 of 199 jobs complete, 8 jobs running.
[19:05:38] Block-level synthesis in progress, 94 of 199 jobs complete, 6 jobs running.
[19:06:09] Block-level synthesis in progress, 99 of 199 jobs complete, 3 jobs running.
[19:06:39] Block-level synthesis in progress, 102 of 199 jobs complete, 5 jobs running.
[19:07:09] Block-level synthesis in progress, 103 of 199 jobs complete, 7 jobs running.
[19:07:40] Block-level synthesis in progress, 108 of 199 jobs complete, 4 jobs running.
[19:08:10] Block-level synthesis in progress, 115 of 199 jobs complete, 3 jobs running.
[19:08:40] Block-level synthesis in progress, 122 of 199 jobs complete, 3 jobs running.
[19:09:10] Block-level synthesis in progress, 130 of 199 jobs complete, 2 jobs running.
[19:09:41] Block-level synthesis in progress, 137 of 199 jobs complete, 3 jobs running.
[19:10:11] Block-level synthesis in progress, 140 of 199 jobs complete, 6 jobs running.
[19:10:41] Block-level synthesis in progress, 146 of 199 jobs complete, 5 jobs running.
[19:11:12] Block-level synthesis in progress, 153 of 199 jobs complete, 4 jobs running.
[19:11:42] Block-level synthesis in progress, 155 of 199 jobs complete, 8 jobs running.
[19:12:12] Block-level synthesis in progress, 160 of 199 jobs complete, 4 jobs running.
[19:12:42] Block-level synthesis in progress, 168 of 199 jobs complete, 3 jobs running.
[19:13:13] Block-level synthesis in progress, 176 of 199 jobs complete, 3 jobs running.
[19:13:43] Block-level synthesis in progress, 184 of 199 jobs complete, 3 jobs running.
[19:14:13] Block-level synthesis in progress, 192 of 199 jobs complete, 3 jobs running.
[19:14:43] Block-level synthesis in progress, 197 of 199 jobs complete, 1 job running.
[19:15:14] Block-level synthesis in progress, 197 of 199 jobs complete, 2 jobs running.
[19:15:44] Block-level synthesis in progress, 199 of 199 jobs complete, 0 jobs running.
[19:16:14] Top-level synthesis in progress.
[19:16:45] Top-level synthesis in progress.
[19:17:25] Run vpl: Step synth: Completed
[19:17:25] Run vpl: Step impl: Started
[19:26:01] Finished 2nd of 6 tasks (FPGA linking synthesized kernels to platform). Elapsed time: 00h 39m 28s 

[19:26:01] Starting logic optimization..
[19:26:01] Phase 1 Initialization
[19:26:01] Phase 1.1 Core Generation And Design Setup
[19:26:31] Phase 1.1.1 Generate And Synthesize MIG Cores
[19:30:34] Phase 1.1.2 Generate And Synthesize Debug Cores
[19:33:06] Phase 1.2 Setup Constraints And Sort Netlist
[19:33:06] Phase 2 Timer Update And Timing Data Collection
[19:33:06] Phase 2.1 Timer Update
[19:33:06] Phase 2.2 Timing Data Collection
[19:33:06] Phase 3 Retarget
[19:33:06] Phase 4 Constant propagation
[19:33:06] Phase 5 Sweep
[19:33:36] Phase 6 BUFG optimization
[19:33:36] Phase 7 Shift Register Optimization
[19:33:36] Phase 8 Post Processing Netlist
[19:33:36] Phase 9 Finalization
[19:33:36] Phase 9.1 Finalizing Design Cores and Updating Shapes
[19:34:06] Finished 3rd of 6 tasks (FPGA logic optimization). Elapsed time: 00h 08m 05s 

[19:34:06] Starting logic placement..
[19:34:06] Phase 9.2 Verifying Netlist Connectivity
[19:34:37] Phase 1 Placer Initialization
[19:34:37] Phase 1.1 Placer Initialization Netlist Sorting
[19:41:11] Phase 1.2 IO Placement/ Clock Placement/ Build Placer Device
[19:42:11] Phase 1.3 Build Placer Netlist Model
[19:43:42] Phase 1.4 Constrain Clocks/Macros
[19:43:42] Phase 2 Global Placement
[19:43:42] Phase 2.1 Floorplanning
[19:44:43] Phase 2.1.1 Partition Driven Placement
[19:44:43] Phase 2.1.1.1 PBP: Partition Driven Placement
[19:45:13] Phase 2.1.1.2 PBP: Clock Region Placement
[19:47:15] Phase 2.1.1.3 PBP: Compute Congestion
[19:47:15] Phase 2.1.1.4 PBP: UpdateTiming
[19:47:45] Phase 2.1.1.5 PBP: Add part constraints
[19:47:45] Phase 2.2 Physical Synthesis After Floorplan
[19:47:45] Phase 2.3 Update Timing before SLR Path Opt
[19:47:45] Phase 2.4 Post-Processing in Floorplanning
[19:47:45] Phase 2.5 Global Place Phase1
[19:53:50] Phase 2.6 Global Place Phase2
[19:53:50] Phase 2.6.1 UpdateTiming Before Physical Synthesis
[19:53:50] Phase 2.6.2 Physical Synthesis In Placer
[19:58:53] Phase 3 Detail Placement
[19:59:24] Phase 3.1 Commit Multi Column Macros
[19:59:24] Phase 3.2 Commit Most Macros & LUTRAMs
[20:01:25] Phase 3.3 Small Shape DP
[20:01:25] Phase 3.3.1 Small Shape Clustering
[20:01:56] Phase 3.3.2 Slice Area Swap
[20:01:56] Phase 3.3.2.1 Slice Area Swap Initial
[20:02:57] Phase 3.4 Place Remaining
[20:03:27] Phase 3.5 Re-assign LUT pins
[20:04:28] Phase 3.6 Pipeline Register Optimization
[20:04:28] Phase 3.7 Fast Optimization
[20:04:58] Phase 4 Post Placement Optimization and Clean-Up
[20:04:58] Phase 4.1 Post Commit Optimization
[20:05:59] Phase 4.1.1 Post Placement Optimization
[20:05:59] Phase 4.1.1.1 BUFG Insertion
[20:05:59] Phase 1 Physical Synthesis Initialization
[20:06:29] Phase 4.1.1.2 BUFG Replication
[20:06:29] Phase 4.1.1.3 Post Placement Timing Optimization
[20:06:59] Phase 4.1.1.4 Replication
[20:08:00] Phase 4.2 Post Placement Cleanup
[20:08:00] Phase 4.3 Placer Reporting
[20:08:00] Phase 4.3.1 Print Estimated Congestion
[20:08:00] Phase 4.4 Final Placement Cleanup
[20:10:02] Finished 4th of 6 tasks (FPGA logic placement). Elapsed time: 00h 35m 55s 

[20:10:02] Starting logic routing..
[20:10:02] Phase 1 Build RT Design
[20:11:33] Phase 2 Router Initialization
[20:11:33] Phase 2.1 Fix Topology Constraints
[20:11:33] Phase 2.2 Pre Route Cleanup
[20:11:33] Phase 2.3 Global Clock Net Routing
[20:12:03] Phase 2.4 Update Timing
[20:13:04] Phase 2.5 Update Timing for Bus Skew
[20:13:04] Phase 2.5.1 Update Timing
[20:13:34] Phase 2.6 Soft Constraint Pins - Fast Budgeting
[20:13:34] Phase 3 Global Routing
[20:13:34] Phase 4 Initial Routing
[20:13:34] Phase 4.1 Initial Net Routing Pass
[20:14:05] Phase 5 Rip-up And Reroute
[20:14:05] Phase 5.1 Global Iteration 0
[20:18:08] Phase 5.2 Global Iteration 1
[20:18:38] Phase 6 Delay and Skew Optimization
[20:18:38] Phase 6.1 Delay CleanUp
[20:18:38] Phase 6.2 Clock Skew Optimization
[20:18:38] Phase 7 Post Hold Fix
[20:18:38] Phase 7.1 Hold Fix Iter
[20:19:09] Phase 8 Leaf Clock Prog Delay Opt
[20:19:09] Phase 9 Route finalize
[20:19:09] Phase 10 Verifying routed nets
[20:19:39] Phase 11 Depositing Routes
[20:19:39] Phase 12 Resolve XTalk
[20:19:39] Phase 13 Post Process Routing
[20:19:39] Phase 14 Post Router Timing
[20:19:39] Phase 14.1 Update Timing
[20:20:09] Phase 15 Post-Route Event Processing
[20:20:40] Finished 5th of 6 tasks (FPGA routing). Elapsed time: 00h 10m 38s 

[20:20:40] Starting bitstream generation..
[20:29:16] Creating bitmap...
[20:32:18] Writing bitstream ./level0_i_level1_level1_i_ulp_my_rm_partial.bit...
[20:32:18] Finished 6th of 6 tasks (FPGA bitstream generation). Elapsed time: 00h 11m 38s 
Check VPL, containing 11 checks, has run: 0 errors, 1 advisory violation
ADVISORY: [AUTO-FREQ-SCALING-08] For clock clk_kernel_00_unbuffered_net, the auto scaled frequency 308.5 MHz exceeds the original specified frequency. The compiler will select the original specified frequency of 300.0 MHz.
[20:33:36] Run vpl: Step impl: Completed
[20:33:37] Run vpl: FINISHED. Run Status: impl Complete!
INFO: [v++ 60-1441] [20:33:37] Run run_link: Step vpl: Completed
Time (s): cpu = 00:01:02 ; elapsed = 01:47:06 . Memory (MB): peak = 515.836 ; gain = 0.000 ; free physical = 72037 ; free virtual = 76559
INFO: [v++ 60-1443] [20:33:37] Run run_link: Step rtdgen: Started
INFO: [v++ 60-1453] Command Line: rtdgen
INFO: [v++ 60-1454] Run Directory: /home/devsounio/darwin-atlas-p2/build-p2/_x/link/run_link
INFO: [v++ 60-991] clock name 'ss_ucs/aclk_kernel_00' (clock ID '0') is being mapped to clock name 'DATA_CLK' in the xclbin
INFO: [v++ 60-991] clock name 'ss_ucs/aclk_kernel_01' (clock ID '1') is being mapped to clock name 'KERNEL_CLK' in the xclbin
INFO: [v++ 60-1230] The compiler selected the following frequencies for the runtime controllable kernel clock(s) and scalable system clock(s): Kernel (DATA) clock: ss_ucs/aclk_kernel_00 = 300, Kernel (KERNEL) clock: ss_ucs/aclk_kernel_01 = 500
INFO: [v++ 60-1453] Command Line: cf2sw -a /home/devsounio/darwin-atlas-p2/build-p2/_x/link/int/address_map.xml -sdsl /home/devsounio/darwin-atlas-p2/build-p2/_x/link/int/sdsl.dat -xclbin /home/devsounio/darwin-atlas-p2/build-p2/_x/link/int/xclbin_orig.xml -rtd /home/devsounio/darwin-atlas-p2/build-p2/_x/link/int/dinucleotide_summaries.rtd -o /home/devsounio/darwin-atlas-p2/build-p2/_x/link/int/dinucleotide_summaries.xml
INFO: [v++ 60-1652] Cf2sw returned exit code: 0
INFO: [v++ 60-1441] [20:33:39] Run run_link: Step rtdgen: Completed
Time (s): cpu = 00:00:03 ; elapsed = 00:00:03 . Memory (MB): peak = 515.836 ; gain = 0.000 ; free physical = 72020 ; free virtual = 76543
INFO: [v++ 60-1443] [20:33:39] Run run_link: Step xclbinutil: Started
INFO: [v++ 60-1453] Command Line: xclbinutil --add-section BITSTREAM:RAW:/home/devsounio/darwin-atlas-p2/build-p2/_x/link/int/partial.bit --force --target hw --key-value SYS:dfx_enable:true --add-section :JSON:/home/devsounio/darwin-atlas-p2/build-p2/_x/link/int/dinucleotide_summaries.rtd --append-section :JSON:/home/devsounio/darwin-atlas-p2/build-p2/_x/link/int/appendSection.rtd --add-section CLOCK_FREQ_TOPOLOGY:JSON:/home/devsounio/darwin-atlas-p2/build-p2/_x/link/int/dinucleotide_summaries_xml.rtd --add-section BUILD_METADATA:JSON:/home/devsounio/darwin-atlas-p2/build-p2/_x/link/int/dinucleotide_summaries_build.rtd --add-section EMBEDDED_METADATA:RAW:/home/devsounio/darwin-atlas-p2/build-p2/_x/link/int/dinucleotide_summaries.xml --add-section SYSTEM_METADATA:RAW:/home/devsounio/darwin-atlas-p2/build-p2/_x/link/int/systemDiagramModelSlrBaseAddress.json --key-value SYS:PlatformVBNV:xilinx_u250_gen3x16_xdma_4_1_202210_1 --output /home/devsounio/darwin-atlas-p2/build-p2/dinucleotide_summaries.xclbin
INFO: [v++ 60-1454] Run Directory: /home/devsounio/darwin-atlas-p2/build-p2/_x/link/run_link
XRT Build Version: 2.19.0 (Vitis)
       Build Date: 2025-02-07 10:52:04
          Hash ID: f02de266f785111094b02d32a9012bd0da3abd58
Creating a default 'in-memory' xclbin image.

Section: 'BITSTREAM'(0) was successfully added.
Size   : 51451674 bytes
Format : RAW
File   : '/home/devsounio/darwin-atlas-p2/build-p2/_x/link/int/partial.bit'

Section: 'MEM_TOPOLOGY'(6) was successfully added.
Format : JSON
File   : 'mem_topology'

Section: 'IP_LAYOUT'(8) was successfully added.
Format : JSON
File   : 'ip_layout'

Section: 'CONNECTIVITY'(7) was successfully added.
Format : JSON
File   : 'connectivity'

Section: 'CLOCK_FREQ_TOPOLOGY'(11) was successfully added.
Size   : 274 bytes
Format : JSON
File   : '/home/devsounio/darwin-atlas-p2/build-p2/_x/link/int/dinucleotide_summaries_xml.rtd'

Section: 'BUILD_METADATA'(14) was successfully added.
Size   : 3086 bytes
Format : JSON
File   : '/home/devsounio/darwin-atlas-p2/build-p2/_x/link/int/dinucleotide_summaries_build.rtd'

Section: 'EMBEDDED_METADATA'(2) was successfully added.
Size   : 28283 bytes
Format : RAW
File   : '/home/devsounio/darwin-atlas-p2/build-p2/_x/link/int/dinucleotide_summaries.xml'

Section: 'SYSTEM_METADATA'(22) was successfully added.
Size   : 23033 bytes
Format : RAW
File   : '/home/devsounio/darwin-atlas-p2/build-p2/_x/link/int/systemDiagramModelSlrBaseAddress.json'

Section: 'PARTITION_METADATA'(20) was successfully appended to.
Format : JSON
File   : 'partition_metadata'

Section: 'IP_LAYOUT'(8) was successfully appended to.
Format : JSON
File   : 'ip_layout'
Successfully wrote (51520952 bytes) to the output file: /home/devsounio/darwin-atlas-p2/build-p2/dinucleotide_summaries.xclbin
Leaving xclbinutil.
INFO: [v++ 60-1441] [20:33:41] Run run_link: Step xclbinutil: Completed
Time (s): cpu = 00:00:00.11 ; elapsed = 00:00:01 . Memory (MB): peak = 515.836 ; gain = 0.000 ; free physical = 71964 ; free virtual = 76538
INFO: [v++ 60-1443] [20:33:41] Run run_link: Step xclbinutilinfo: Started
INFO: [v++ 60-1453] Command Line: xclbinutil --quiet --force --info /home/devsounio/darwin-atlas-p2/build-p2/dinucleotide_summaries.xclbin.info --input /home/devsounio/darwin-atlas-p2/build-p2/dinucleotide_summaries.xclbin
INFO: [v++ 60-1454] Run Directory: /home/devsounio/darwin-atlas-p2/build-p2/_x/link/run_link
INFO: [v++ 60-1441] [20:33:42] Run run_link: Step xclbinutilinfo: Completed
Time (s): cpu = 00:00:00.39 ; elapsed = 00:00:00.79 . Memory (MB): peak = 515.836 ; gain = 0.000 ; free physical = 71961 ; free virtual = 76535
Check POST-VPL, containing 1 checks, has run: 0 errors
INFO: [v++ 60-244] Generating system estimate report...
INFO: [v++ 60-1092] Generated system estimate report: /home/devsounio/darwin-atlas-p2/build-p2/_x/reports/link/system_estimate_dinucleotide_summaries.xtxt
INFO: [v++ 60-586] Created /home/devsounio/darwin-atlas-p2/build-p2/dinucleotide_summaries.ltx
INFO: [v++ 60-586] Created dinucleotide_summaries.xclbin
INFO: [v++ 60-1307] Run completed. Additional information can be found in:
	Guidance: /home/devsounio/darwin-atlas-p2/build-p2/_x/reports/link/v++_link_dinucleotide_summaries_guidance.html
	Timing Report: /home/devsounio/darwin-atlas-p2/build-p2/_x/reports/link/imp/impl_1_hw_bb_locked_timing_summary_routed.rpt
	Vivado Log: /home/devsounio/darwin-atlas-p2/build-p2/_x/logs/link/vivado.log
	Steps Log File: /home/devsounio/darwin-atlas-p2/build-p2/_x/logs/link/link.steps.log

INFO: [v++ 60-2343] Use the Vitis Unified IDE to visualize and navigate the reports. Run the following command. 
    vitis --analyze /home/devsounio/darwin-atlas-p2/build-p2/dinucleotide_summaries.xclbin.link_summary 
INFO: [v++ 60-791] Total elapsed time: 1h 47m 29s
INFO: [v++ 60-1653] Closing dispatch client.
