System Configuration
  OS Name              : Linux
  Release              : 7.0.14-8-pve
  Machine              : x86_64
  CPU Cores            : 96
  Memory               : 128534 MB
  Distribution         : Debian GNU/Linux 13 (trixie)
  GLIBC                : 2.41
  Model                : ProLiant DL380 Gen10
  BIOS Vendor          : HPE
  BIOS Version         : U30
  Processor            : Intel(R) Xeon(R) Gold 6262V CPU @ 1.90GHz

XRT
  Version              : 2.23.0
  Branch               : 2026.1
  Hash                 : e61a02867980c8fd8acd80a3a4936d683caa1d82
  Hash Date            : Thu, 25 Jun 2026 12:36:05 +0530
  xocl Version         : 2.23.0, e61a02867980c8fd8acd80a3a4936d683caa1d82
  xclmgmt Version      : 2.23.0, e61a02867980c8fd8acd80a3a4936d683caa1d82
  Firmware Version     : N/A

Device(s) Present
|BDF             |Shell                               |Logic UUID                            |Device ID       |Device Ready*  |
|----------------|------------------------------------|--------------------------------------|----------------|---------------|
|[0000:d8:00.1]  |xilinx_u250_gen3x16_xdma_shell_4_1  |12C8FAFB-0632-499D-B1C0-C6676271B8A6  |user(inst=128)  |Yes            |


* Devices that are not ready will have reduced functionality when using XRT tools
U250_VECTOR_ADD_PASS elements=4096
U250_HARDWARE_SMOKE_PASS
