Option Map File Used: '/opt/amd/2025.1/Vitis/data/vitis/vpp/optMap.xml'

****** v++ v2025.1 (64-bit)
  **** SW Build 6137779 on 2025-05-21-18:10:03
  **** Start of session at: Mon Aug  3 02:22:54 2026
    ** Copyright 1986-2022 Xilinx, Inc. All Rights Reserved.
    ** Copyright 2022-2025 Advanced Micro Devices, Inc. All Rights Reserved.

INFO: [v++ 60-1306] Additional information associated with this v++ link can be found at:
	Reports: /home/devsounio/_x/reports/link
	Log files: /home/devsounio/_x/logs/link
INFO: [v++ 60-1548] Creating build summary session with primary output /home/devsounio/u250-runs/vector-add-20260803T022116Z/build/vector_add.xclbin.link_summary, at Mon Aug  3 02:22:57 2026
INFO: [v++ 60-1315] Creating rulecheck session with output '/home/devsounio/_x/reports/link/v++_link_vector_add_guidance.html', at Mon Aug  3 02:22:57 2026
INFO: [v++ 60-895]   Target platform: /opt/xilinx/platforms/xilinx_u250_gen3x16_xdma_4_1_202210_1/xilinx_u250_gen3x16_xdma_4_1_202210_1.xpfm
INFO: [v++ 60-1578]   This platform contains Xilinx Shell Archive '/opt/xilinx/platforms/xilinx_u250_gen3x16_xdma_4_1_202210_1/hw/hw.xsa'
INFO: [v++ 74-78] Compiler Version string: 2025.1
INFO: [v++ 60-1302] Platform 'xilinx_u250_gen3x16_xdma_4_1_202210_1.xpfm' has been explicitly enabled for this release.
INFO: [v++ 60-629] Linking for hardware target
INFO: [v++ 60-423]   Target device: xilinx_u250_gen3x16_xdma_4_1_202210_1
INFO: [v++ 60-1332] Run 'run_link' status: Not started
INFO: [v++ 60-1443] [02:23:00] Run run_link: Step system_link: Started
INFO: [v++ 60-1453] Command Line: system_link --xo /home/devsounio/u250-runs/vector-add-20260803T022116Z/build/vector_add.xo -keep --config /home/devsounio/_x/link/int/syslinkConfig.ini --xpfm /opt/xilinx/platforms/xilinx_u250_gen3x16_xdma_4_1_202210_1/xilinx_u250_gen3x16_xdma_4_1_202210_1.xpfm --target hw --output_dir /home/devsounio/_x/link/int --temp_dir /home/devsounio/_x/link/sys_link
INFO: [v++ 60-1454] Run Directory: /home/devsounio/_x/link/run_link
INFO: [SYSTEM_LINK 82-70] Extracting xo v3 file /home/devsounio/u250-runs/vector-add-20260803T022116Z/build/vector_add.xo
INFO: [SYSTEM_LINK 82-53] Creating IP database /home/devsounio/_x/link/sys_link/_sysl/.cdb/xd_ip_db.xml
INFO: [SYSTEM_LINK 82-38] [02:23:02] build_xd_ip_db started: /opt/amd/2025.1/Vitis/bin/build_xd_ip_db -ip_search 0  -sds-pf /home/devsounio/_x/link/sys_link/hw.hpfm -clkid 0 -ip /home/devsounio/_x/link/sys_link/iprepo/xilinx_com_hls_vector_add_1_0,vector_add -o /home/devsounio/_x/link/sys_link/_sysl/.cdb/xd_ip_db.xml
INFO: [SYSTEM_LINK 82-37] [02:23:03] build_xd_ip_db finished successfully
Time (s): cpu = 00:00:00.23 ; elapsed = 00:00:00.55 . Memory (MB): peak = 498.832 ; gain = 0.000 ; free physical = 26176 ; free virtual = 77120
INFO: [SYSTEM_LINK 82-51] Create system connectivity graph
INFO: [SYSTEM_LINK 82-102] Applying explicit connections to the system connectivity graph: /home/devsounio/_x/link/sys_link/cfgraph/cfgen_cfgraph.xml
INFO: [SYSTEM_LINK 82-38] [02:23:03] cfgen started: /opt/amd/2025.1/Vitis/bin/cfgen  -nk vector_add:1:vector_add_1 -sp vector_add_1.a:DDR[0] -sp vector_add_1.b:DDR[1] -sp vector_add_1.out:DDR[2] -dpa_mem_offload false -dpa_aie_mem_offload false -dmclkid 0 -r /home/devsounio/_x/link/sys_link/_sysl/.cdb/xd_ip_db.xml -o /home/devsounio/_x/link/sys_link/cfgraph/cfgen_cfgraph.xml
INFO: [CFGEN 83-0] Kernel Specs: 
INFO: [CFGEN 83-0]   kernel: vector_add, num: 1  {vector_add_1}
INFO: [CFGEN 83-0] Port Specs: 
INFO: [CFGEN 83-0]   kernel: vector_add_1, k_port: a, sptag: DDR[0]
INFO: [CFGEN 83-0]   kernel: vector_add_1, k_port: b, sptag: DDR[1]
INFO: [CFGEN 83-0]   kernel: vector_add_1, k_port: out, sptag: DDR[2]
INFO: [SYSTEM_LINK 82-37] [02:23:07] cfgen finished successfully
Time (s): cpu = 00:00:03 ; elapsed = 00:00:04 . Memory (MB): peak = 498.832 ; gain = 0.000 ; free physical = 26164 ; free virtual = 77110
INFO: [SYSTEM_LINK 82-52] Create top-level block diagram
INFO: [SYSTEM_LINK 82-38] [02:23:07] cf2bd started: /opt/amd/2025.1/Vitis/bin/cf2bd  --linux --trace_buffer 1024 --input_file /home/devsounio/_x/link/sys_link/cfgraph/cfgen_cfgraph.xml --ip_db /home/devsounio/_x/link/sys_link/_sysl/.cdb/xd_ip_db.xml --cf_name dr --working_dir /home/devsounio/_x/link/sys_link/_sysl/.xsd --temp_dir /home/devsounio/_x/link/sys_link --output_dir /home/devsounio/_x/link/int --target_bd ulp.bd
INFO: [CF2BD 82-31] Launching cf2xd: cf2xd -linux -trace-buffer 1024 -i /home/devsounio/_x/link/sys_link/cfgraph/cfgen_cfgraph.xml -r /home/devsounio/_x/link/sys_link/_sysl/.cdb/xd_ip_db.xml -o dr.xml
INFO: [CF2BD 82-28] cf2xd finished successfully
INFO: [CF2BD 82-31] Launching cf_xsd: cf_xsd -disable-address-gen -bd ulp.bd -dn dr -dp /home/devsounio/_x/link/sys_link/_sysl/.xsd
INFO: [CF2BD 82-28] cf_xsd finished successfully
INFO: [SYSTEM_LINK 82-37] [02:23:09] cf2bd finished successfully
Time (s): cpu = 00:00:02 ; elapsed = 00:00:02 . Memory (MB): peak = 498.832 ; gain = 0.000 ; free physical = 26151 ; free virtual = 77098
INFO: [v++ 60-1441] [02:23:09] Run run_link: Step system_link: Completed
Time (s): cpu = 00:00:07 ; elapsed = 00:00:09 . Memory (MB): peak = 515.836 ; gain = 0.000 ; free physical = 26261 ; free virtual = 77209
INFO: [v++ 60-1443] [02:23:09] Run run_link: Step cf2sw: Started
INFO: [v++ 60-1453] Command Line: cf2sw -sdsl /home/devsounio/_x/link/int/sdsl.dat -rtd /home/devsounio/_x/link/int/cf2sw.rtd -nofilter /home/devsounio/_x/link/int/cf2sw_full.rtd -xclbin /home/devsounio/_x/link/int/xclbin_orig.xml -o /home/devsounio/_x/link/int/xclbin_orig.1.xml
INFO: [v++ 60-1454] Run Directory: /home/devsounio/_x/link/run_link
INFO: [v++ 60-1441] [02:23:12] Run run_link: Step cf2sw: Completed
Time (s): cpu = 00:00:03 ; elapsed = 00:00:03 . Memory (MB): peak = 515.836 ; gain = 0.000 ; free physical = 26252 ; free virtual = 77200
INFO: [v++ 60-1443] [02:23:12] Run run_link: Step rtd2_system_diagram: Started
INFO: [v++ 60-1453] Command Line: rtd2SystemDiagram
INFO: [v++ 60-1454] Run Directory: /home/devsounio/_x/link/run_link
INFO: [v++ 60-1441] [02:23:12] Run run_link: Step rtd2_system_diagram: Completed
Time (s): cpu = 00:00:00 ; elapsed = 00:00:00.21 . Memory (MB): peak = 515.836 ; gain = 0.000 ; free physical = 26239 ; free virtual = 77187
INFO: [v++ 60-1443] [02:23:12] Run run_link: Step vpl: Started
INFO: [v++ 60-1453] Command Line: vpl -t hw -f /opt/xilinx/platforms/xilinx_u250_gen3x16_xdma_4_1_202210_1/xilinx_u250_gen3x16_xdma_4_1_202210_1.xpfm -s -g --remote_ip_cache /home/devsounio/.ipcache --output_dir /home/devsounio/_x/link/int --log_dir /home/devsounio/_x/logs/link --report_dir /home/devsounio/_x/reports/link --config /home/devsounio/_x/link/int/vplConfig.ini -k /home/devsounio/_x/link/int/kernel_info.dat --webtalk_flag Vitis --temp_dir /home/devsounio/_x/link --no-info --iprepo /home/devsounio/_x/link/int/xo/ip_repo/xilinx_com_hls_vector_add_1_0 --messageDb /home/devsounio/_x/link/run_link/vpl.pb /home/devsounio/_x/link/int/dr.bd.tcl
INFO: [v++ 60-1454] Run Directory: /home/devsounio/_x/link/run_link

****** vpl v2025.1 (64-bit)
  **** SW Build 6137779 on 2025-05-21-18:10:03
  **** Start of session at: Mon Aug  3 02:23:13 2026
    ** Copyright 1986-2022 Xilinx, Inc. All Rights Reserved.
    ** Copyright 2022-2025 Advanced Micro Devices, Inc. All Rights Reserved.

INFO: [VPL 60-839] Read in kernel information from file '/home/devsounio/_x/link/int/kernel_info.dat'.
INFO: [VPL 74-78] Compiler Version string: 2025.1
INFO: [VPL 60-423]   Target device: xilinx_u250_gen3x16_xdma_4_1_202210_1
INFO: [VPL 60-1032] Extracting hardware platform to /home/devsounio/_x/link/vivado/vpl/.local/hw_platform
[02:23:22] Run vpl: Step create_project: Started
Creating Vivado project.
[02:23:24] Run vpl: Step create_project: Completed
[02:23:24] Run vpl: Step create_bd: Started
[02:24:40] Run vpl: Step create_bd: Completed
[02:24:40] Run vpl: Step update_bd: Started
[02:24:41] Run vpl: Step update_bd: Completed
[02:24:41] Run vpl: Step generate_target: Started
[02:25:57] Run vpl: Step generate_target: RUNNING...
[02:26:33] Run vpl: Step generate_target: Completed
[02:26:33] Run vpl: Step config_hw_runs: Started
[02:27:48] Run vpl: Step config_hw_runs: RUNNING...
[02:28:40] Run vpl: Step config_hw_runs: Completed
[02:28:40] Run vpl: Step synth: Started
[02:29:11] Block-level synthesis in progress, 0 of 199 jobs complete, 8 jobs running.
[02:29:41] Block-level synthesis in progress, 0 of 199 jobs complete, 8 jobs running.
[02:30:11] Block-level synthesis in progress, 7 of 199 jobs complete, 1 job running.
[02:30:42] Block-level synthesis in progress, 8 of 199 jobs complete, 8 jobs running.
[02:31:12] Block-level synthesis in progress, 15 of 199 jobs complete, 2 jobs running.
[02:31:42] Block-level synthesis in progress, 19 of 199 jobs complete, 5 jobs running.
[02:32:12] Block-level synthesis in progress, 23 of 199 jobs complete, 4 jobs running.
[02:32:42] Block-level synthesis in progress, 28 of 199 jobs complete, 4 jobs running.
[02:33:12] Block-level synthesis in progress, 31 of 199 jobs complete, 5 jobs running.
[02:33:42] Block-level synthesis in progress, 36 of 199 jobs complete, 4 jobs running.
[02:34:12] Block-level synthesis in progress, 37 of 199 jobs complete, 7 jobs running.
[02:34:42] Block-level synthesis in progress, 43 of 199 jobs complete, 4 jobs running.
[02:35:12] Block-level synthesis in progress, 44 of 199 jobs complete, 8 jobs running.
[02:35:43] Block-level synthesis in progress, 52 of 199 jobs complete, 3 jobs running.
[02:36:13] Block-level synthesis in progress, 52 of 199 jobs complete, 8 jobs running.
[02:36:43] Block-level synthesis in progress, 60 of 199 jobs complete, 6 jobs running.
[02:37:13] Block-level synthesis in progress, 60 of 199 jobs complete, 8 jobs running.
[02:37:43] Block-level synthesis in progress, 67 of 199 jobs complete, 4 jobs running.
[02:38:14] Block-level synthesis in progress, 70 of 199 jobs complete, 6 jobs running.
[02:38:44] Block-level synthesis in progress, 76 of 199 jobs complete, 2 jobs running.
[02:39:14] Block-level synthesis in progress, 84 of 199 jobs complete, 0 jobs running.
[02:39:44] Block-level synthesis in progress, 86 of 199 jobs complete, 6 jobs running.
[02:40:14] Block-level synthesis in progress, 90 of 199 jobs complete, 4 jobs running.
[02:40:45] Block-level synthesis in progress, 90 of 199 jobs complete, 8 jobs running.
[02:41:15] Block-level synthesis in progress, 93 of 199 jobs complete, 6 jobs running.
[02:41:45] Block-level synthesis in progress, 94 of 199 jobs complete, 7 jobs running.
[02:42:15] Block-level synthesis in progress, 97 of 199 jobs complete, 6 jobs running.
[02:42:46] Block-level synthesis in progress, 99 of 199 jobs complete, 8 jobs running.
[02:43:16] Block-level synthesis in progress, 101 of 199 jobs complete, 7 jobs running.
[02:43:46] Block-level synthesis in progress, 105 of 199 jobs complete, 5 jobs running.
[02:44:16] Block-level synthesis in progress, 109 of 199 jobs complete, 6 jobs running.
[02:44:47] Block-level synthesis in progress, 115 of 199 jobs complete, 5 jobs running.
[02:45:17] Block-level synthesis in progress, 124 of 199 jobs complete, 1 job running.
[02:45:47] Block-level synthesis in progress, 131 of 199 jobs complete, 1 job running.
[02:46:17] Block-level synthesis in progress, 137 of 199 jobs complete, 2 jobs running.
[02:46:48] Block-level synthesis in progress, 144 of 199 jobs complete, 2 jobs running.
[02:47:18] Block-level synthesis in progress, 150 of 199 jobs complete, 3 jobs running.
[02:47:48] Block-level synthesis in progress, 153 of 199 jobs complete, 6 jobs running.
[02:48:18] Block-level synthesis in progress, 157 of 199 jobs complete, 5 jobs running.
[02:48:49] Block-level synthesis in progress, 163 of 199 jobs complete, 4 jobs running.
[02:49:19] Block-level synthesis in progress, 171 of 199 jobs complete, 2 jobs running.
[02:49:49] Block-level synthesis in progress, 179 of 199 jobs complete, 2 jobs running.
[02:50:19] Block-level synthesis in progress, 187 of 199 jobs complete, 2 jobs running.
[02:50:50] Block-level synthesis in progress, 195 of 199 jobs complete, 3 jobs running.
[02:51:20] Block-level synthesis in progress, 197 of 199 jobs complete, 2 jobs running.
[02:51:50] Block-level synthesis in progress, 197 of 199 jobs complete, 2 jobs running.
[02:52:21] Block-level synthesis in progress, 199 of 199 jobs complete, 0 jobs running.
[02:52:51] Top-level synthesis in progress.
[02:53:21] Top-level synthesis in progress.
[02:53:53] Run vpl: Step synth: Completed
[02:53:53] Run vpl: Step impl: Started
[03:01:59] Finished 2nd of 6 tasks (FPGA linking synthesized kernels to platform). Elapsed time: 00h 38m 45s 

[03:01:59] Starting logic optimization..
[03:02:29] Phase 1 Initialization
[03:02:29] Phase 1.1 Core Generation And Design Setup
[03:02:29] Phase 1.1.1 Generate And Synthesize MIG Cores
[03:06:32] Phase 1.1.2 Generate And Synthesize Debug Cores
[03:08:33] Phase 1.2 Setup Constraints And Sort Netlist
[03:09:03] Phase 2 Timer Update And Timing Data Collection
[03:09:03] Phase 2.1 Timer Update
[03:09:03] Phase 2.2 Timing Data Collection
[03:09:03] Phase 3 Retarget
[03:09:03] Phase 4 Constant propagation
[03:09:03] Phase 5 Sweep
[03:09:34] Phase 6 BUFG optimization
[03:09:34] Phase 7 Shift Register Optimization
[03:09:34] Phase 8 Post Processing Netlist
[03:09:34] Phase 9 Finalization
[03:09:34] Phase 9.1 Finalizing Design Cores and Updating Shapes
[03:09:34] Phase 9.2 Verifying Netlist Connectivity
[03:10:04] Finished 3rd of 6 tasks (FPGA logic optimization). Elapsed time: 00h 08m 05s 

[03:10:04] Starting logic placement..
[03:10:34] Phase 1 Placer Initialization
[03:10:34] Phase 1.1 Placer Initialization Netlist Sorting
[03:17:08] Phase 1.2 IO Placement/ Clock Placement/ Build Placer Device
[03:17:39] Phase 1.3 Build Placer Netlist Model
[03:19:10] Phase 1.4 Constrain Clocks/Macros
[03:19:10] Phase 2 Global Placement
[03:19:10] Phase 2.1 Floorplanning
[03:20:10] Phase 2.1.1 Partition Driven Placement
[03:20:10] Phase 2.1.1.1 PBP: Partition Driven Placement
[03:20:10] Phase 2.1.1.2 PBP: Clock Region Placement
[03:21:41] Phase 2.1.1.3 PBP: Compute Congestion
[03:22:12] Phase 2.1.1.4 PBP: UpdateTiming
[03:22:12] Phase 2.1.1.5 PBP: Add part constraints
[03:22:12] Phase 2.2 Physical Synthesis After Floorplan
[03:22:42] Phase 2.3 Update Timing before SLR Path Opt
[03:22:42] Phase 2.4 Post-Processing in Floorplanning
[03:22:42] Phase 2.5 Global Place Phase1
[03:28:16] Phase 2.6 Global Place Phase2
[03:28:16] Phase 2.6.1 UpdateTiming Before Physical Synthesis
[03:28:16] Phase 2.6.2 Physical Synthesis In Placer
[03:31:18] Phase 3 Detail Placement
[03:31:18] Phase 3.1 Commit Multi Column Macros
[03:31:18] Phase 3.2 Commit Most Macros & LUTRAMs
[03:33:20] Phase 3.3 Small Shape DP
[03:33:20] Phase 3.3.1 Small Shape Clustering
[03:33:50] Phase 3.3.2 Slice Area Swap
[03:33:50] Phase 3.3.2.1 Slice Area Swap Initial
[03:34:21] Phase 3.4 Place Remaining
[03:34:51] Phase 3.5 Re-assign LUT pins
[03:35:21] Phase 3.6 Pipeline Register Optimization
[03:35:52] Phase 3.7 Fast Optimization
[03:36:22] Phase 4 Post Placement Optimization and Clean-Up
[03:36:22] Phase 4.1 Post Commit Optimization
[03:37:23] Phase 4.1.1 Post Placement Optimization
[03:37:23] Phase 4.1.1.1 BUFG Insertion
[03:37:23] Phase 1 Physical Synthesis Initialization
[03:37:23] Phase 4.1.1.2 BUFG Replication
[03:37:23] Phase 4.1.1.3 Post Placement Timing Optimization
[03:38:23] Phase 4.1.1.4 Replication
[03:39:24] Phase 4.2 Post Placement Cleanup
[03:39:24] Phase 4.3 Placer Reporting
[03:39:24] Phase 4.3.1 Print Estimated Congestion
[03:39:24] Phase 4.4 Final Placement Cleanup
[03:41:26] Finished 4th of 6 tasks (FPGA logic placement). Elapsed time: 00h 31m 21s 

[03:41:26] Starting logic routing..
[03:41:26] Phase 1 Build RT Design
[03:42:57] Phase 2 Router Initialization
[03:42:57] Phase 2.1 Fix Topology Constraints
[03:42:57] Phase 2.2 Pre Route Cleanup
[03:42:57] Phase 2.3 Global Clock Net Routing
[03:42:57] Phase 2.4 Update Timing
[03:43:57] Phase 2.5 Update Timing for Bus Skew
[03:43:57] Phase 2.5.1 Update Timing
[03:44:28] Phase 2.6 Soft Constraint Pins - Fast Budgeting
[03:44:28] Phase 3 Global Routing
[03:44:28] Phase 4 Initial Routing
[03:44:28] Phase 4.1 Initial Net Routing Pass
[03:44:58] Phase 5 Rip-up And Reroute
[03:44:58] Phase 5.1 Global Iteration 0
[03:49:01] Phase 5.2 Global Iteration 1
[03:49:31] Phase 5.3 Global Iteration 2
[03:49:31] Phase 6 Delay and Skew Optimization
[03:49:31] Phase 6.1 Delay CleanUp
[03:50:02] Phase 6.2 Clock Skew Optimization
[03:50:02] Phase 7 Post Hold Fix
[03:50:02] Phase 7.1 Hold Fix Iter
[03:50:02] Phase 8 Leaf Clock Prog Delay Opt
[03:50:32] Phase 9 Route finalize
[03:50:32] Phase 10 Verifying routed nets
[03:50:32] Phase 11 Depositing Routes
[03:50:32] Phase 12 Resolve XTalk
[03:50:32] Phase 13 Post Process Routing
[03:51:03] Phase 14 Post Router Timing
[03:51:03] Phase 14.1 Update Timing
[03:51:03] Phase 15 Post-Route Event Processing
[03:52:03] Finished 5th of 6 tasks (FPGA routing). Elapsed time: 00h 10m 37s 

[03:52:03] Starting bitstream generation..
[03:59:38] Creating bitmap...
[04:02:10] Writing bitstream ./level0_i_level1_level1_i_ulp_my_rm_partial.bit...
[04:02:10] Finished 6th of 6 tasks (FPGA bitstream generation). Elapsed time: 00h 10m 06s 
Check VPL, containing 11 checks, has run: 0 errors, 1 advisory violation
ADVISORY: [AUTO-FREQ-SCALING-08] For clock clk_kernel_00_unbuffered_net, the auto scaled frequency 320.1 MHz exceeds the original specified frequency. The compiler will select the original specified frequency of 300.0 MHz.
[04:03:33] Run vpl: Step impl: Completed
[04:03:33] Run vpl: FINISHED. Run Status: impl Complete!
INFO: [v++ 60-1441] [04:03:33] Run run_link: Step vpl: Completed
Time (s): cpu = 00:00:55 ; elapsed = 01:40:21 . Memory (MB): peak = 515.836 ; gain = 0.000 ; free physical = 28668 ; free virtual = 74297
INFO: [v++ 60-1443] [04:03:33] Run run_link: Step rtdgen: Started
INFO: [v++ 60-1453] Command Line: rtdgen
INFO: [v++ 60-1454] Run Directory: /home/devsounio/_x/link/run_link
INFO: [v++ 60-991] clock name 'ss_ucs/aclk_kernel_00' (clock ID '0') is being mapped to clock name 'DATA_CLK' in the xclbin
INFO: [v++ 60-991] clock name 'ss_ucs/aclk_kernel_01' (clock ID '1') is being mapped to clock name 'KERNEL_CLK' in the xclbin
INFO: [v++ 60-1230] The compiler selected the following frequencies for the runtime controllable kernel clock(s) and scalable system clock(s): Kernel (DATA) clock: ss_ucs/aclk_kernel_00 = 300, Kernel (KERNEL) clock: ss_ucs/aclk_kernel_01 = 500
INFO: [v++ 60-1453] Command Line: cf2sw -a /home/devsounio/_x/link/int/address_map.xml -sdsl /home/devsounio/_x/link/int/sdsl.dat -xclbin /home/devsounio/_x/link/int/xclbin_orig.xml -rtd /home/devsounio/_x/link/int/vector_add.rtd -o /home/devsounio/_x/link/int/vector_add.xml
INFO: [v++ 60-1652] Cf2sw returned exit code: 0
INFO: [v++ 60-1441] [04:03:37] Run run_link: Step rtdgen: Completed
Time (s): cpu = 00:00:02 ; elapsed = 00:00:03 . Memory (MB): peak = 515.836 ; gain = 0.000 ; free physical = 28679 ; free virtual = 74311
INFO: [v++ 60-1443] [04:03:37] Run run_link: Step xclbinutil: Started
INFO: [v++ 60-1453] Command Line: xclbinutil --add-section BITSTREAM:RAW:/home/devsounio/_x/link/int/partial.bit --force --target hw --key-value SYS:dfx_enable:true --add-section :JSON:/home/devsounio/_x/link/int/vector_add.rtd --append-section :JSON:/home/devsounio/_x/link/int/appendSection.rtd --add-section CLOCK_FREQ_TOPOLOGY:JSON:/home/devsounio/_x/link/int/vector_add_xml.rtd --add-section BUILD_METADATA:JSON:/home/devsounio/_x/link/int/vector_add_build.rtd --add-section EMBEDDED_METADATA:RAW:/home/devsounio/_x/link/int/vector_add.xml --add-section SYSTEM_METADATA:RAW:/home/devsounio/_x/link/int/systemDiagramModelSlrBaseAddress.json --key-value SYS:PlatformVBNV:xilinx_u250_gen3x16_xdma_4_1_202210_1 --output /home/devsounio/u250-runs/vector-add-20260803T022116Z/build/vector_add.xclbin
INFO: [v++ 60-1454] Run Directory: /home/devsounio/_x/link/run_link
XRT Build Version: 2.19.0 (Vitis)
       Build Date: 2025-02-07 10:52:04
          Hash ID: f02de266f785111094b02d32a9012bd0da3abd58
Creating a default 'in-memory' xclbin image.

Section: 'BITSTREAM'(0) was successfully added.
Size   : 48688546 bytes
Format : RAW
File   : '/home/devsounio/_x/link/int/partial.bit'

Section: 'MEM_TOPOLOGY'(6) was successfully added.
Format : JSON
File   : 'mem_topology'

Section: 'IP_LAYOUT'(8) was successfully added.
Format : JSON
File   : 'ip_layout'

Section: 'CONNECTIVITY'(7) was successfully added.
Format : JSON
File   : 'connectivity'

Section: 'CLOCK_FREQ_TOPOLOGY'(11) was successfully added.
Size   : 274 bytes
Format : JSON
File   : '/home/devsounio/_x/link/int/vector_add_xml.rtd'

Section: 'BUILD_METADATA'(14) was successfully added.
Size   : 2712 bytes
Format : JSON
File   : '/home/devsounio/_x/link/int/vector_add_build.rtd'

Section: 'EMBEDDED_METADATA'(2) was successfully added.
Size   : 3744 bytes
Format : RAW
File   : '/home/devsounio/_x/link/int/vector_add.xml'

Section: 'SYSTEM_METADATA'(22) was successfully added.
Size   : 22286 bytes
Format : RAW
File   : '/home/devsounio/_x/link/int/systemDiagramModelSlrBaseAddress.json'

Section: 'PARTITION_METADATA'(20) was successfully appended to.
Format : JSON
File   : 'partition_metadata'

Section: 'IP_LAYOUT'(8) was successfully appended to.
Format : JSON
File   : 'ip_layout'
Successfully wrote (48731747 bytes) to the output file: /home/devsounio/u250-runs/vector-add-20260803T022116Z/build/vector_add.xclbin
Leaving xclbinutil.
INFO: [v++ 60-1441] [04:03:37] Run run_link: Step xclbinutil: Completed
Time (s): cpu = 00:00:00.1 ; elapsed = 00:00:00.27 . Memory (MB): peak = 515.836 ; gain = 0.000 ; free physical = 28627 ; free virtual = 74304
INFO: [v++ 60-1443] [04:03:37] Run run_link: Step xclbinutilinfo: Started
INFO: [v++ 60-1453] Command Line: xclbinutil --quiet --force --info /home/devsounio/u250-runs/vector-add-20260803T022116Z/build/vector_add.xclbin.info --input /home/devsounio/u250-runs/vector-add-20260803T022116Z/build/vector_add.xclbin
INFO: [v++ 60-1454] Run Directory: /home/devsounio/_x/link/run_link
INFO: [v++ 60-1441] [04:03:37] Run run_link: Step xclbinutilinfo: Completed
Time (s): cpu = 00:00:00.37 ; elapsed = 00:00:00.44 . Memory (MB): peak = 515.836 ; gain = 0.000 ; free physical = 28631 ; free virtual = 74309
Check POST-VPL, containing 1 checks, has run: 0 errors
INFO: [v++ 60-244] Generating system estimate report...
INFO: [v++ 60-1092] Generated system estimate report: /home/devsounio/_x/reports/link/system_estimate_vector_add.xtxt
INFO: [v++ 60-586] Created /home/devsounio/u250-runs/vector-add-20260803T022116Z/build/vector_add.ltx
INFO: [v++ 60-586] Created /home/devsounio/u250-runs/vector-add-20260803T022116Z/build/vector_add.xclbin
INFO: [v++ 60-1307] Run completed. Additional information can be found in:
	Guidance: /home/devsounio/_x/reports/link/v++_link_vector_add_guidance.html
	Timing Report: /home/devsounio/_x/reports/link/imp/impl_1_hw_bb_locked_timing_summary_routed.rpt
	Vivado Log: /home/devsounio/_x/logs/link/vivado.log
	Steps Log File: /home/devsounio/_x/logs/link/link.steps.log

INFO: [v++ 60-2343] Use the Vitis Unified IDE to visualize and navigate the reports. Run the following command. 
    vitis --analyze /home/devsounio/u250-runs/vector-add-20260803T022116Z/build/vector_add.xclbin.link_summary 
INFO: [v++ 60-791] Total elapsed time: 1h 40m 42s
INFO: [v++ 60-1653] Closing dispatch client.
